// Jest Snapshot v1, https://goo.gl/fbAQLP

exports[`SignUpPage should match with snapshot 1`] = `
{
  "asFragment": [Function],
  "baseElement": <body>
    <div>
      <div
        data-overlay-container="true"
      >
        <script>
          !function(){try{var d=document.documentElement,c=d.classList;c.remove('light','dark');var e=localStorage.getItem('theme');if('system'===e||(!e&&false)){var t='(prefers-color-scheme: dark)',m=window.matchMedia(t);if(m.media!==t||m.matches){d.style.colorScheme = 'dark';c.add('dark')}else{d.style.colorScheme = 'light';c.add('light')}}else if(e){c.add(e|| '')}else{c.add('light')}if(e==='light'||e==='dark'||!e)d.style.colorScheme=e||'light'}catch(e){}}()
        </script>
         
        <div
          class="w-full flex justify-between gap-[22px]"
        >
          <button
            class="z-0 group relative inline-flex items-center justify-center box-border appearance-none select-none whitespace-nowrap font-normal subpixel-antialiased overflow-hidden tap-highlight-transparent data-[pressed=true]:scale-[0.97] outline-none data-[focus-visible=true]:z-10 data-[focus-visible=true]:outline-2 data-[focus-visible=true]:outline-focus data-[focus-visible=true]:outline-offset-2 gap-2 [&>svg]:max-w-[theme(spacing.8)] transition-transform-colors-opacity motion-reduce:transition-none bg-default data-[hover=true]:opacity-hover border-transparent !bg-gray-50 dark:!bg-gray-600 text-blue-800 dark:text-white hover:!bg-gray-200/50 dark:hover:!bg-gray-900 px-5 pb-2.5 pt-[11px] text-md rounded-[10px] border-[1px] min-w-max w-[164px] h-12.5"
            type="button"
          >
            <svg
              aria-hidden="true"
              class="w-[18px] h-[18px]"
              enable-background="new 0 0 48 48"
              fill="currentColor"
              focusable="false"
              height="1em"
              stroke="currentColor"
              stroke-width="0"
              tabindex="-1"
              version="1.1"
              viewBox="0 0 48 48"
              width="1em"
              x="0px"
              xmlns="http://www.w3.org/2000/svg"
              y="0px"
            >
              <path
                d="M43.611,20.083H42V20H24v8h11.303c-1.649,4.657-6.08,8-11.303,8c-6.627,0-12-5.373-12-12
	c0-6.627,5.373-12,12-12c3.059,0,5.842,1.154,7.961,3.039l5.657-5.657C34.046,6.053,29.268,4,24,4C12.955,4,4,12.955,4,24
	c0,11.045,8.955,20,20,20c11.045,0,20-8.955,20-20C44,22.659,43.862,21.35,43.611,20.083z"
                fill="#FFC107"
              />
              <path
                d="M6.306,14.691l6.571,4.819C14.655,15.108,18.961,12,24,12c3.059,0,5.842,1.154,7.961,3.039l5.657-5.657
	C34.046,6.053,29.268,4,24,4C16.318,4,9.656,8.337,6.306,14.691z"
                fill="#FF3D00"
              />
              <path
                d="M24,44c5.166,0,9.86-1.977,13.409-5.192l-6.19-5.238C29.211,35.091,26.715,36,24,36
	c-5.202,0-9.619-3.317-11.283-7.946l-6.522,5.025C9.505,39.556,16.227,44,24,44z"
                fill="#4CAF50"
              />
              <path
                d="M43.611,20.083H42V20H24v8h11.303c-0.792,2.237-2.231,4.166-4.087,5.571
	c0.001-0.001,0.002-0.001,0.003-0.002l6.19,5.238C36.971,39.205,44,34,44,24C44,22.659,43.862,21.35,43.611,20.083z"
                fill="#1976D2"
              />
            </svg>
            Google
          </button>
          <button
            class="z-0 group relative inline-flex items-center justify-center box-border appearance-none select-none whitespace-nowrap font-normal subpixel-antialiased overflow-hidden tap-highlight-transparent data-[pressed=true]:scale-[0.97] outline-none data-[focus-visible=true]:z-10 data-[focus-visible=true]:outline-2 data-[focus-visible=true]:outline-focus data-[focus-visible=true]:outline-offset-2 gap-2 [&>svg]:max-w-[theme(spacing.8)] transition-transform-colors-opacity motion-reduce:transition-none bg-default data-[hover=true]:opacity-hover border-transparent !bg-gray-50 dark:!bg-gray-600 text-blue-800 dark:text-white hover:!bg-gray-200/50 dark:hover:!bg-gray-900 px-5 pb-2.5 pt-[11px] text-md rounded-[10px] border-[1px] min-w-max w-[164px] h-12.5"
            type="button"
          >
            <svg
              aria-hidden="true"
              class="w-2.25 h-[18px] text-[#385C8E]"
              fill="currentColor"
              focusable="false"
              height="1em"
              stroke="currentColor"
              stroke-width="0"
              tabindex="-1"
              viewBox="0 0 320 512"
              width="1em"
              xmlns="http://www.w3.org/2000/svg"
            >
              <path
                d="M279.14 288l14.22-92.66h-88.91v-60.13c0-25.35 12.42-50.06 52.24-50.06h40.42V6.26S260.43 0 225.36 0c-73.22 0-121.08 44.38-121.08 124.72v70.62H22.89V288h81.39v224h100.17V288z"
              />
            </svg>
            Facebook
          </button>
        </div>
        <div
          class="flex items-center w-full mt-6.25 mb-[31px]"
        >
          <hr
            class="border-none w-full h-divider flex-1 bg-blue-800/10 dark:bg-white/10"
            role="separator"
          />
          <p
            class="font-dm-sans text-blue-800 dark:text-white text-xl  font-medium px-2.5"
          >
            Or
          </p>
          <hr
            class="border-none w-full h-divider flex-1 bg-blue-800/10 dark:bg-white/10"
            role="separator"
          />
        </div>
        <form
          class="w-full"
        >
          <div
            class="group flex flex-col data-[hidden=true]:hidden w-full group relative justify-end data-[has-label=true]:mt-[29px] h-[74px]"
            data-filled="true"
            data-filled-within="true"
            data-has-elements="true"
            data-has-label="true"
            data-slot="base"
          >
            <div
              class="h-full flex flex-col"
              data-slot="main-wrapper"
            >
              <div
                class="relative w-full inline-flex tap-highlight-transparent flex-row items-center shadow-sm gap-3 min-h-10 transition-background motion-reduce:transition-none !duration-150 data-[hover=true]:bg-primary-100 text-primary group-data-[focus=true]:bg-primary-50 placeholder:text-primary outline-none group-data-[focus-visible=true]:z-10 group-data-[focus-visible=true]:ring-2 group-data-[focus-visible=true]:ring-focus group-data-[focus-visible=true]:ring-offset-2 group-data-[focus-visible=true]:ring-offset-background bg-gray-50 dark:bg-gray-600 hover:!bg-gray-200/50 dark:hover:!bg-gray-900 focus-within:!bg-gray-50 dark:focus-within:bg-gray-600 group-data-[focus=true]:!bg-gray-50 dark:group-data-[focus=true]:!bg-gray-600 h-12.5 p-3.75 rounded-[10px]"
                data-slot="input-wrapper"
                style="cursor: text;"
              >
                <label
                  class="absolute pointer-events-none origin-top-left rtl:origin-top-right subpixel-antialiased block will-change-auto !duration-200 !ease-out motion-reduce:transition-none transition-[transform,color,left,opacity] text-primary group-data-[filled-within=true]:pointer-events-auto pb-0 z-20 -translate-y-1/2 group-data-[filled-within=true]:left-0 left-3 rtl:left-auto rtl:right-3 group-data-[filled-within=true]:-translate-y-[calc(100%_+_theme(fontSize.small)/2_+_20px)] pe-2 max-w-full text-ellipsis overflow-hidden group-data-[filled-within=true]:!text-blue-800 dark:group-data-[filled-within=true]:!text-white font-medium text-xl top-5"
                  data-slot="label"
                  for="react-aria-:r0:"
                  id="react-aria-:r1:"
                >
                  Email Address
                </label>
                <div
                  class="inline-flex w-full items-center h-full box-border"
                  data-slot="inner-wrapper"
                >
                  <input
                    aria-label="Email Address"
                    aria-labelledby="react-aria-:r0: react-aria-:r1:"
                    class="w-full font-normal !outline-none focus-visible:outline-none data-[has-start-content=true]:ps-1.5 data-[has-end-content=true]:pe-1.5 file:cursor-pointer file:bg-transparent file:border-0 autofill:bg-transparent bg-clip-text !text-blue-800/70 dark:!text-white/70 placeholder:text-blue-800/40 dark:placeholder:text-white/40 bg-transparent text-md"
                    data-slot="input"
                    id="react-aria-:r0:"
                    placeholder=" "
                    type="email"
                    value=""
                  />
                </div>
              </div>
            </div>
          </div>
          <div
            class="group flex flex-col data-[hidden=true]:hidden w-full group relative justify-end data-[has-label=true]:mt-[29px]"
            data-filled="true"
            data-filled-within="true"
            data-has-elements="true"
            data-has-label="true"
            data-slot="base"
          >
            <div
              class="h-full flex flex-col"
              data-slot="main-wrapper"
            >
              <div
                class="relative w-full inline-flex tap-highlight-transparent flex-row items-center shadow-sm gap-3 min-h-10 transition-background motion-reduce:transition-none !duration-150 data-[hover=true]:bg-primary-100 text-primary group-data-[focus=true]:bg-primary-50 placeholder:text-primary outline-none group-data-[focus-visible=true]:z-10 group-data-[focus-visible=true]:ring-offset-background bg-gray-50 dark:bg-gray-600 hover:!bg-gray-200/50 dark:hover:!bg-gray-900 focus-within:!bg-gray-50 dark:focus-within:bg-gray-600 group-data-[focus=true]:!bg-gray-50 dark:group-data-[focus=true]:!bg-gray-600 h-12.5 p-3.75 rounded-[10px] group-data-[focus-visible=true]:ring-2 group-data-[focus-visible=true]:ring-offset-2 group-data-[focus-visible=true]:ring-blue-500"
                data-slot="input-wrapper"
                style="cursor: text;"
              >
                <label
                  class="absolute pointer-events-none origin-top-left rtl:origin-top-right subpixel-antialiased block will-change-auto !duration-200 !ease-out motion-reduce:transition-none transition-[transform,color,left,opacity] text-primary group-data-[filled-within=true]:pointer-events-auto pb-0 z-20 -translate-y-1/2 group-data-[filled-within=true]:left-0 left-3 rtl:left-auto rtl:right-3 group-data-[filled-within=true]:-translate-y-[calc(100%_+_theme(fontSize.small)/2_+_20px)] pe-2 max-w-full text-ellipsis overflow-hidden group-data-[filled-within=true]:!text-blue-800 dark:group-data-[filled-within=true]:!text-white font-medium text-xl top-5"
                  data-slot="label"
                  for="react-aria-:r5:"
                  id="react-aria-:r6:"
                >
                  Password
                </label>
                <div
                  class="inline-flex w-full items-center h-full box-border"
                  data-slot="inner-wrapper"
                >
                  <input
                    aria-label="Password"
                    aria-labelledby="react-aria-:r5: react-aria-:r6:"
                    class="w-full font-normal !outline-none focus-visible:outline-none data-[has-start-content=true]:ps-1.5 data-[has-end-content=true]:pe-1.5 file:cursor-pointer file:bg-transparent file:border-0 autofill:bg-transparent bg-clip-text !text-blue-800/70 dark:!text-white/70 placeholder:text-blue-800/40 dark:placeholder:text-white/40 bg-transparent text-md"
                    data-has-end-content="true"
                    data-slot="input"
                    id="react-aria-:r5:"
                    placeholder=" "
                    type="password"
                    value=""
                  />
                  <svg
                    class="w-5 h-5 cursor-pointer text-blue-800/50 dark:text-white/50"
                    fill="currentColor"
                    height="1em"
                    stroke="currentColor"
                    stroke-width="0"
                    viewBox="0 0 512 512"
                    width="1em"
                    xmlns="http://www.w3.org/2000/svg"
                  >
                    <path
                      d="M256 105c-101.8 0-188.4 62.4-224 151 35.6 88.6 122.2 151 224 151s188.4-62.4 224-151c-35.6-88.6-122.2-151-224-151zm0 251.7c-56 0-101.8-45.3-101.8-100.7S200 155.3 256 155.3 357.8 200.6 357.8 256 312 356.7 256 356.7zm0-161.1c-33.6 0-61.1 27.2-61.1 60.4s27.5 60.4 61.1 60.4 61.1-27.2 61.1-60.4-27.5-60.4-61.1-60.4z"
                    />
                  </svg>
                </div>
              </div>
            </div>
          </div>
          <div
            class="flex justify-between mt-[25px]"
          >
            <div
              class="flex items-center"
            >
              <label
                aria-label="Remember Me"
                class="group relative max-w-fit inline-flex items-center justify-start cursor-pointer tap-highlight-transparent p-2 -m-2"
              >
                <span
                  style="border: 0px; clip-path: inset(50%); height: 1px; margin: -1px; overflow: hidden; padding: 0px; position: absolute; width: 1px; white-space: nowrap;"
                >
                  <input
                    aria-label="Remember Me"
                    aria-labelledby=":ra:"
                    type="checkbox"
                    value=""
                  />
                </span>
                <span
                  aria-hidden="true"
                  class="relative inline-flex items-center justify-center flex-shrink-0 overflow-hidden before:content-[''] before:absolute before:inset-0 before:border-solid before:box-border after:content-[''] after:absolute after:inset-0 after:scale-50 after:opacity-0 after:origin-center group-data-[selected=true]:after:scale-100 group-data-[selected=true]:after:opacity-100 group-data-[hover=true]:before:bg-default-100 outline-none group-data-[focus-visible=true]:z-10 group-data-[focus-visible=true]:ring-2 group-data-[focus-visible=true]:ring-focus group-data-[focus-visible=true]:ring-offset-2 group-data-[focus-visible=true]:ring-offset-background after:text-primary-foreground text-primary-foreground mr-2 rtl:ml-2 rtl:mr-[unset] before:transition-colors group-data-[pressed=true]:scale-95 transition-transform after:transition-transform-opacity after:!ease-linear after:!duration-200 motion-reduce:transition-none after:bg-blue-500 dark:after:bg-purple-600 after:hover:bg-blue-500 dark:after:hover:bg-purple-600 before:border-blue-800/30 dark:before:border-white/30 w-3.75 h-3.75 before:border rounded-sm before:rounded-sm after:rounded-sm"
                >
                  <svg
                    aria-hidden="true"
                    class="z-10 opacity-0 group-data-[selected=true]:opacity-100 w-4 h-3 transition-opacity motion-reduce:transition-none text-white dark:text-gray-400"
                    role="presentation"
                    viewBox="0 0 17 18"
                  >
                    <polyline
                      fill="none"
                      points="1 9 7 14 15 4"
                      stroke="currentColor"
                      stroke-dasharray="22"
                      stroke-dashoffset="66"
                      stroke-linecap="round"
                      stroke-linejoin="round"
                      stroke-width="2"
                    />
                  </svg>
                </span>
              </label>
              <p
                class="font-dm-sans text-blue-800 dark:text-white text-md color-blue.900 text-[14.22px] leading-[18.51px]"
              >
                Remember me
              </p>
            </div>
            <div>
              <a
                class="text-[14.22px] leading-[18.51px] !text-blue-500 dark:!text-purple-600 hover:underline"
                href="#"
              >
                Reset Password?
              </a>
            </div>
          </div>
          <button
            class="z-0 group relative inline-flex items-center justify-center box-border appearance-none select-none whitespace-nowrap font-normal subpixel-antialiased overflow-hidden tap-highlight-transparent data-[pressed=true]:scale-[0.97] outline-none data-[focus-visible=true]:z-10 data-[focus-visible=true]:outline-2 data-[focus-visible=true]:outline-focus data-[focus-visible=true]:outline-offset-2 gap-3 pointer-events-none [&>svg]:max-w-[theme(spacing.8)] transition-transform-colors-opacity motion-reduce:transition-none data-[hover=true]:opacity-hover bg-blue-500 border-transparent dark:bg-purple-600 text-white hover:bg-blue-100 opacity-50 cursor-not-allowed px-[30px] pt-[15px] pb-[14px] text-md rounded-[10px] border-[1px] h-auto min-w-max w-full mt-10"
            data-disabled="true"
            disabled=""
            type="submit"
          >
            Log in
          </button>
        </form>
        <div
          class="flex justify-center items-center mt-7.5"
        >
          <p
            class="font-dm-sans text-blue-800 dark:text-white text-xl color-blue-900 font-medium inline"
          >
            Don’t have account yet?
          </p>
           
          <a
            href="/sign-up"
          >
            <p
              class="font-dm-sans text-blue-800 dark:text-white text-xl !text-blue-500 dark:!text-purple-600 font-medium inline hover:underline"
            >
              New Account
            </p>
          </a>
        </div>
        <div
          class="fixed top-4 right-4"
        />
      </div>
    </div>
  </body>,
  "container": <div>
    <div
      data-overlay-container="true"
    >
      <script>
        !function(){try{var d=document.documentElement,c=d.classList;c.remove('light','dark');var e=localStorage.getItem('theme');if('system'===e||(!e&&false)){var t='(prefers-color-scheme: dark)',m=window.matchMedia(t);if(m.media!==t||m.matches){d.style.colorScheme = 'dark';c.add('dark')}else{d.style.colorScheme = 'light';c.add('light')}}else if(e){c.add(e|| '')}else{c.add('light')}if(e==='light'||e==='dark'||!e)d.style.colorScheme=e||'light'}catch(e){}}()
      </script>
       
      <div
        class="w-full flex justify-between gap-[22px]"
      >
        <button
          class="z-0 group relative inline-flex items-center justify-center box-border appearance-none select-none whitespace-nowrap font-normal subpixel-antialiased overflow-hidden tap-highlight-transparent data-[pressed=true]:scale-[0.97] outline-none data-[focus-visible=true]:z-10 data-[focus-visible=true]:outline-2 data-[focus-visible=true]:outline-focus data-[focus-visible=true]:outline-offset-2 gap-2 [&>svg]:max-w-[theme(spacing.8)] transition-transform-colors-opacity motion-reduce:transition-none bg-default data-[hover=true]:opacity-hover border-transparent !bg-gray-50 dark:!bg-gray-600 text-blue-800 dark:text-white hover:!bg-gray-200/50 dark:hover:!bg-gray-900 px-5 pb-2.5 pt-[11px] text-md rounded-[10px] border-[1px] min-w-max w-[164px] h-12.5"
          type="button"
        >
          <svg
            aria-hidden="true"
            class="w-[18px] h-[18px]"
            enable-background="new 0 0 48 48"
            fill="currentColor"
            focusable="false"
            height="1em"
            stroke="currentColor"
            stroke-width="0"
            tabindex="-1"
            version="1.1"
            viewBox="0 0 48 48"
            width="1em"
            x="0px"
            xmlns="http://www.w3.org/2000/svg"
            y="0px"
          >
            <path
              d="M43.611,20.083H42V20H24v8h11.303c-1.649,4.657-6.08,8-11.303,8c-6.627,0-12-5.373-12-12
	c0-6.627,5.373-12,12-12c3.059,0,5.842,1.154,7.961,3.039l5.657-5.657C34.046,6.053,29.268,4,24,4C12.955,4,4,12.955,4,24
	c0,11.045,8.955,20,20,20c11.045,0,20-8.955,20-20C44,22.659,43.862,21.35,43.611,20.083z"
              fill="#FFC107"
            />
            <path
              d="M6.306,14.691l6.571,4.819C14.655,15.108,18.961,12,24,12c3.059,0,5.842,1.154,7.961,3.039l5.657-5.657
	C34.046,6.053,29.268,4,24,4C16.318,4,9.656,8.337,6.306,14.691z"
              fill="#FF3D00"
            />
            <path
              d="M24,44c5.166,0,9.86-1.977,13.409-5.192l-6.19-5.238C29.211,35.091,26.715,36,24,36
	c-5.202,0-9.619-3.317-11.283-7.946l-6.522,5.025C9.505,39.556,16.227,44,24,44z"
              fill="#4CAF50"
            />
            <path
              d="M43.611,20.083H42V20H24v8h11.303c-0.792,2.237-2.231,4.166-4.087,5.571
	c0.001-0.001,0.002-0.001,0.003-0.002l6.19,5.238C36.971,39.205,44,34,44,24C44,22.659,43.862,21.35,43.611,20.083z"
              fill="#1976D2"
            />
          </svg>
          Google
        </button>
        <button
          class="z-0 group relative inline-flex items-center justify-center box-border appearance-none select-none whitespace-nowrap font-normal subpixel-antialiased overflow-hidden tap-highlight-transparent data-[pressed=true]:scale-[0.97] outline-none data-[focus-visible=true]:z-10 data-[focus-visible=true]:outline-2 data-[focus-visible=true]:outline-focus data-[focus-visible=true]:outline-offset-2 gap-2 [&>svg]:max-w-[theme(spacing.8)] transition-transform-colors-opacity motion-reduce:transition-none bg-default data-[hover=true]:opacity-hover border-transparent !bg-gray-50 dark:!bg-gray-600 text-blue-800 dark:text-white hover:!bg-gray-200/50 dark:hover:!bg-gray-900 px-5 pb-2.5 pt-[11px] text-md rounded-[10px] border-[1px] min-w-max w-[164px] h-12.5"
          type="button"
        >
          <svg
            aria-hidden="true"
            class="w-2.25 h-[18px] text-[#385C8E]"
            fill="currentColor"
            focusable="false"
            height="1em"
            stroke="currentColor"
            stroke-width="0"
            tabindex="-1"
            viewBox="0 0 320 512"
            width="1em"
            xmlns="http://www.w3.org/2000/svg"
          >
            <path
              d="M279.14 288l14.22-92.66h-88.91v-60.13c0-25.35 12.42-50.06 52.24-50.06h40.42V6.26S260.43 0 225.36 0c-73.22 0-121.08 44.38-121.08 124.72v70.62H22.89V288h81.39v224h100.17V288z"
            />
          </svg>
          Facebook
        </button>
      </div>
      <div
        class="flex items-center w-full mt-6.25 mb-[31px]"
      >
        <hr
          class="border-none w-full h-divider flex-1 bg-blue-800/10 dark:bg-white/10"
          role="separator"
        />
        <p
          class="font-dm-sans text-blue-800 dark:text-white text-xl  font-medium px-2.5"
        >
          Or
        </p>
        <hr
          class="border-none w-full h-divider flex-1 bg-blue-800/10 dark:bg-white/10"
          role="separator"
        />
      </div>
      <form
        class="w-full"
      >
        <div
          class="group flex flex-col data-[hidden=true]:hidden w-full group relative justify-end data-[has-label=true]:mt-[29px] h-[74px]"
          data-filled="true"
          data-filled-within="true"
          data-has-elements="true"
          data-has-label="true"
          data-slot="base"
        >
          <div
            class="h-full flex flex-col"
            data-slot="main-wrapper"
          >
            <div
              class="relative w-full inline-flex tap-highlight-transparent flex-row items-center shadow-sm gap-3 min-h-10 transition-background motion-reduce:transition-none !duration-150 data-[hover=true]:bg-primary-100 text-primary group-data-[focus=true]:bg-primary-50 placeholder:text-primary outline-none group-data-[focus-visible=true]:z-10 group-data-[focus-visible=true]:ring-2 group-data-[focus-visible=true]:ring-focus group-data-[focus-visible=true]:ring-offset-2 group-data-[focus-visible=true]:ring-offset-background bg-gray-50 dark:bg-gray-600 hover:!bg-gray-200/50 dark:hover:!bg-gray-900 focus-within:!bg-gray-50 dark:focus-within:bg-gray-600 group-data-[focus=true]:!bg-gray-50 dark:group-data-[focus=true]:!bg-gray-600 h-12.5 p-3.75 rounded-[10px]"
              data-slot="input-wrapper"
              style="cursor: text;"
            >
              <label
                class="absolute pointer-events-none origin-top-left rtl:origin-top-right subpixel-antialiased block will-change-auto !duration-200 !ease-out motion-reduce:transition-none transition-[transform,color,left,opacity] text-primary group-data-[filled-within=true]:pointer-events-auto pb-0 z-20 -translate-y-1/2 group-data-[filled-within=true]:left-0 left-3 rtl:left-auto rtl:right-3 group-data-[filled-within=true]:-translate-y-[calc(100%_+_theme(fontSize.small)/2_+_20px)] pe-2 max-w-full text-ellipsis overflow-hidden group-data-[filled-within=true]:!text-blue-800 dark:group-data-[filled-within=true]:!text-white font-medium text-xl top-5"
                data-slot="label"
                for="react-aria-:r0:"
                id="react-aria-:r1:"
              >
                Email Address
              </label>
              <div
                class="inline-flex w-full items-center h-full box-border"
                data-slot="inner-wrapper"
              >
                <input
                  aria-label="Email Address"
                  aria-labelledby="react-aria-:r0: react-aria-:r1:"
                  class="w-full font-normal !outline-none focus-visible:outline-none data-[has-start-content=true]:ps-1.5 data-[has-end-content=true]:pe-1.5 file:cursor-pointer file:bg-transparent file:border-0 autofill:bg-transparent bg-clip-text !text-blue-800/70 dark:!text-white/70 placeholder:text-blue-800/40 dark:placeholder:text-white/40 bg-transparent text-md"
                  data-slot="input"
                  id="react-aria-:r0:"
                  placeholder=" "
                  type="email"
                  value=""
                />
              </div>
            </div>
          </div>
        </div>
        <div
          class="group flex flex-col data-[hidden=true]:hidden w-full group relative justify-end data-[has-label=true]:mt-[29px]"
          data-filled="true"
          data-filled-within="true"
          data-has-elements="true"
          data-has-label="true"
          data-slot="base"
        >
          <div
            class="h-full flex flex-col"
            data-slot="main-wrapper"
          >
            <div
              class="relative w-full inline-flex tap-highlight-transparent flex-row items-center shadow-sm gap-3 min-h-10 transition-background motion-reduce:transition-none !duration-150 data-[hover=true]:bg-primary-100 text-primary group-data-[focus=true]:bg-primary-50 placeholder:text-primary outline-none group-data-[focus-visible=true]:z-10 group-data-[focus-visible=true]:ring-offset-background bg-gray-50 dark:bg-gray-600 hover:!bg-gray-200/50 dark:hover:!bg-gray-900 focus-within:!bg-gray-50 dark:focus-within:bg-gray-600 group-data-[focus=true]:!bg-gray-50 dark:group-data-[focus=true]:!bg-gray-600 h-12.5 p-3.75 rounded-[10px] group-data-[focus-visible=true]:ring-2 group-data-[focus-visible=true]:ring-offset-2 group-data-[focus-visible=true]:ring-blue-500"
              data-slot="input-wrapper"
              style="cursor: text;"
            >
              <label
                class="absolute pointer-events-none origin-top-left rtl:origin-top-right subpixel-antialiased block will-change-auto !duration-200 !ease-out motion-reduce:transition-none transition-[transform,color,left,opacity] text-primary group-data-[filled-within=true]:pointer-events-auto pb-0 z-20 -translate-y-1/2 group-data-[filled-within=true]:left-0 left-3 rtl:left-auto rtl:right-3 group-data-[filled-within=true]:-translate-y-[calc(100%_+_theme(fontSize.small)/2_+_20px)] pe-2 max-w-full text-ellipsis overflow-hidden group-data-[filled-within=true]:!text-blue-800 dark:group-data-[filled-within=true]:!text-white font-medium text-xl top-5"
                data-slot="label"
                for="react-aria-:r5:"
                id="react-aria-:r6:"
              >
                Password
              </label>
              <div
                class="inline-flex w-full items-center h-full box-border"
                data-slot="inner-wrapper"
              >
                <input
                  aria-label="Password"
                  aria-labelledby="react-aria-:r5: react-aria-:r6:"
                  class="w-full font-normal !outline-none focus-visible:outline-none data-[has-start-content=true]:ps-1.5 data-[has-end-content=true]:pe-1.5 file:cursor-pointer file:bg-transparent file:border-0 autofill:bg-transparent bg-clip-text !text-blue-800/70 dark:!text-white/70 placeholder:text-blue-800/40 dark:placeholder:text-white/40 bg-transparent text-md"
                  data-has-end-content="true"
                  data-slot="input"
                  id="react-aria-:r5:"
                  placeholder=" "
                  type="password"
                  value=""
                />
                <svg
                  class="w-5 h-5 cursor-pointer text-blue-800/50 dark:text-white/50"
                  fill="currentColor"
                  height="1em"
                  stroke="currentColor"
                  stroke-width="0"
                  viewBox="0 0 512 512"
                  width="1em"
                  xmlns="http://www.w3.org/2000/svg"
                >
                  <path
                    d="M256 105c-101.8 0-188.4 62.4-224 151 35.6 88.6 122.2 151 224 151s188.4-62.4 224-151c-35.6-88.6-122.2-151-224-151zm0 251.7c-56 0-101.8-45.3-101.8-100.7S200 155.3 256 155.3 357.8 200.6 357.8 256 312 356.7 256 356.7zm0-161.1c-33.6 0-61.1 27.2-61.1 60.4s27.5 60.4 61.1 60.4 61.1-27.2 61.1-60.4-27.5-60.4-61.1-60.4z"
                  />
                </svg>
              </div>
            </div>
          </div>
        </div>
        <div
          class="flex justify-between mt-[25px]"
        >
          <div
            class="flex items-center"
          >
            <label
              aria-label="Remember Me"
              class="group relative max-w-fit inline-flex items-center justify-start cursor-pointer tap-highlight-transparent p-2 -m-2"
            >
              <span
                style="border: 0px; clip-path: inset(50%); height: 1px; margin: -1px; overflow: hidden; padding: 0px; position: absolute; width: 1px; white-space: nowrap;"
              >
                <input
                  aria-label="Remember Me"
                  aria-labelledby=":ra:"
                  type="checkbox"
                  value=""
                />
              </span>
              <span
                aria-hidden="true"
                class="relative inline-flex items-center justify-center flex-shrink-0 overflow-hidden before:content-[''] before:absolute before:inset-0 before:border-solid before:box-border after:content-[''] after:absolute after:inset-0 after:scale-50 after:opacity-0 after:origin-center group-data-[selected=true]:after:scale-100 group-data-[selected=true]:after:opacity-100 group-data-[hover=true]:before:bg-default-100 outline-none group-data-[focus-visible=true]:z-10 group-data-[focus-visible=true]:ring-2 group-data-[focus-visible=true]:ring-focus group-data-[focus-visible=true]:ring-offset-2 group-data-[focus-visible=true]:ring-offset-background after:text-primary-foreground text-primary-foreground mr-2 rtl:ml-2 rtl:mr-[unset] before:transition-colors group-data-[pressed=true]:scale-95 transition-transform after:transition-transform-opacity after:!ease-linear after:!duration-200 motion-reduce:transition-none after:bg-blue-500 dark:after:bg-purple-600 after:hover:bg-blue-500 dark:after:hover:bg-purple-600 before:border-blue-800/30 dark:before:border-white/30 w-3.75 h-3.75 before:border rounded-sm before:rounded-sm after:rounded-sm"
              >
                <svg
                  aria-hidden="true"
                  class="z-10 opacity-0 group-data-[selected=true]:opacity-100 w-4 h-3 transition-opacity motion-reduce:transition-none text-white dark:text-gray-400"
                  role="presentation"
                  viewBox="0 0 17 18"
                >
                  <polyline
                    fill="none"
                    points="1 9 7 14 15 4"
                    stroke="currentColor"
                    stroke-dasharray="22"
                    stroke-dashoffset="66"
                    stroke-linecap="round"
                    stroke-linejoin="round"
                    stroke-width="2"
                  />
                </svg>
              </span>
            </label>
            <p
              class="font-dm-sans text-blue-800 dark:text-white text-md color-blue.900 text-[14.22px] leading-[18.51px]"
            >
              Remember me
            </p>
          </div>
          <div>
            <a
              class="text-[14.22px] leading-[18.51px] !text-blue-500 dark:!text-purple-600 hover:underline"
              href="#"
            >
              Reset Password?
            </a>
          </div>
        </div>
        <button
          class="z-0 group relative inline-flex items-center justify-center box-border appearance-none select-none whitespace-nowrap font-normal subpixel-antialiased overflow-hidden tap-highlight-transparent data-[pressed=true]:scale-[0.97] outline-none data-[focus-visible=true]:z-10 data-[focus-visible=true]:outline-2 data-[focus-visible=true]:outline-focus data-[focus-visible=true]:outline-offset-2 gap-3 pointer-events-none [&>svg]:max-w-[theme(spacing.8)] transition-transform-colors-opacity motion-reduce:transition-none data-[hover=true]:opacity-hover bg-blue-500 border-transparent dark:bg-purple-600 text-white hover:bg-blue-100 opacity-50 cursor-not-allowed px-[30px] pt-[15px] pb-[14px] text-md rounded-[10px] border-[1px] h-auto min-w-max w-full mt-10"
          data-disabled="true"
          disabled=""
          type="submit"
        >
          Log in
        </button>
      </form>
      <div
        class="flex justify-center items-center mt-7.5"
      >
        <p
          class="font-dm-sans text-blue-800 dark:text-white text-xl color-blue-900 font-medium inline"
        >
          Don’t have account yet?
        </p>
         
        <a
          href="/sign-up"
        >
          <p
            class="font-dm-sans text-blue-800 dark:text-white text-xl !text-blue-500 dark:!text-purple-600 font-medium inline hover:underline"
          >
            New Account
          </p>
        </a>
      </div>
      <div
        class="fixed top-4 right-4"
      />
    </div>
  </div>,
  "debug": [Function],
  "findAllByAltText": [Function],
  "findAllByDisplayValue": [Function],
  "findAllByLabelText": [Function],
  "findAllByPlaceholderText": [Function],
  "findAllByRole": [Function],
  "findAllByTestId": [Function],
  "findAllByText": [Function],
  "findAllByTitle": [Function],
  "findByAltText": [Function],
  "findByDisplayValue": [Function],
  "findByLabelText": [Function],
  "findByPlaceholderText": [Function],
  "findByRole": [Function],
  "findByTestId": [Function],
  "findByText": [Function],
  "findByTitle": [Function],
  "getAllByAltText": [Function],
  "getAllByDisplayValue": [Function],
  "getAllByLabelText": [Function],
  "getAllByPlaceholderText": [Function],
  "getAllByRole": [Function],
  "getAllByTestId": [Function],
  "getAllByText": [Function],
  "getAllByTitle": [Function],
  "getByAltText": [Function],
  "getByDisplayValue": [Function],
  "getByLabelText": [Function],
  "getByPlaceholderText": [Function],
  "getByRole": [Function],
  "getByTestId": [Function],
  "getByText": [Function],
  "getByTitle": [Function],
  "queryAllByAltText": [Function],
  "queryAllByDisplayValue": [Function],
  "queryAllByLabelText": [Function],
  "queryAllByPlaceholderText": [Function],
  "queryAllByRole": [Function],
  "queryAllByTestId": [Function],
  "queryAllByText": [Function],
  "queryAllByTitle": [Function],
  "queryByAltText": [Function],
  "queryByDisplayValue": [Function],
  "queryByLabelText": [Function],
  "queryByPlaceholderText": [Function],
  "queryByRole": [Function],
  "queryByTestId": [Function],
  "queryByText": [Function],
  "queryByTitle": [Function],
  "rerender": [Function],
  "unmount": [Function],
}
`;
