// Jest Snapshot v1, https://goo.gl/fbAQLP

exports[`UserDetail render successful 1`] = `
<div>
  <div
    class="p-[0_30px_0] w-full gap-[5px_0]"
  >
    <div
      class="m-[30px_0] flex flex-col sm:flex-row justify-between items-center"
    >
      <div
        class="sm:flex gap-[0_20px]"
      >
        <div
          class="relative w-[128px] h-[128px]"
        >
          <img
            alt="User Avatar"
            class="rounded-full object-cover h-full"
            data-nimg="fill"
            decoding="async"
            fetchpriority="high"
            sizes="100vw"
            src="http://localhost/_next/image?url=https%3A%2F%2Ft3.ftcdn.net%2Fjpg%2F01%2F26%2F91%2F78%2F360_F_126917812_XlWgkaV9f81Hde4wvmvJWM3huJRvy5EM.webp&w=3840&q=75"
            srcset="/_next/image?url=https%3A%2F%2Ft3.ftcdn.net%2Fjpg%2F01%2F26%2F91%2F78%2F360_F_126917812_XlWgkaV9f81Hde4wvmvJWM3huJRvy5EM.webp&w=640&q=75 640w, /_next/image?url=https%3A%2F%2Ft3.ftcdn.net%2Fjpg%2F01%2F26%2F91%2F78%2F360_F_126917812_XlWgkaV9f81Hde4wvmvJWM3huJRvy5EM.webp&w=750&q=75 750w, /_next/image?url=https%3A%2F%2Ft3.ftcdn.net%2Fjpg%2F01%2F26%2F91%2F78%2F360_F_126917812_XlWgkaV9f81Hde4wvmvJWM3huJRvy5EM.webp&w=828&q=75 828w, /_next/image?url=https%3A%2F%2Ft3.ftcdn.net%2Fjpg%2F01%2F26%2F91%2F78%2F360_F_126917812_XlWgkaV9f81Hde4wvmvJWM3huJRvy5EM.webp&w=1080&q=75 1080w, /_next/image?url=https%3A%2F%2Ft3.ftcdn.net%2Fjpg%2F01%2F26%2F91%2F78%2F360_F_126917812_XlWgkaV9f81Hde4wvmvJWM3huJRvy5EM.webp&w=1200&q=75 1200w, /_next/image?url=https%3A%2F%2Ft3.ftcdn.net%2Fjpg%2F01%2F26%2F91%2F78%2F360_F_126917812_XlWgkaV9f81Hde4wvmvJWM3huJRvy5EM.webp&w=1920&q=75 1920w, /_next/image?url=https%3A%2F%2Ft3.ftcdn.net%2Fjpg%2F01%2F26%2F91%2F78%2F360_F_126917812_XlWgkaV9f81Hde4wvmvJWM3huJRvy5EM.webp&w=2048&q=75 2048w, /_next/image?url=https%3A%2F%2Ft3.ftcdn.net%2Fjpg%2F01%2F26%2F91%2F78%2F360_F_126917812_XlWgkaV9f81Hde4wvmvJWM3huJRvy5EM.webp&w=3840&q=75 3840w"
            style="position: absolute; height: 100%; width: 100%; left: 0px; top: 0px; right: 0px; bottom: 0px; color: transparent; background-size: cover; background-position: 50% 50%; background-repeat: no-repeat;"
          />
        </div>
        <dl
          class="flex flex-col justify-center text-center sm:text-left m-[20px_0] sm:m-0"
        >
          <dt
            class="font-dm-sans text-blue-800 dark:text-white text-2xl font-bold capitalize"
          >
            Super Admin
          </dt>
          <dd
            class="font-dm-sans text-blue-800 dark:text-white text-md text-gray-900/80"
          >
            Admin
          </dd>
        </dl>
      </div>
      <button
        class="z-0 group relative inline-flex items-center justify-center box-border appearance-none select-none whitespace-nowrap subpixel-antialiased overflow-hidden tap-highlight-transparent data-[pressed=true]:scale-[0.97] outline-none data-[focus-visible=true]:z-10 data-[focus-visible=true]:outline-2 data-[focus-visible=true]:outline-focus data-[focus-visible=true]:outline-offset-2 gap-2 [&>svg]:max-w-[theme(spacing.8)] transition-transform-colors-opacity motion-reduce:transition-none data-[hover=true]:opacity-hover bg-blue-500 border-transparent dark:bg-purple-600 text-white hover:bg-blue-100 rounded-[10px] border-[1px] min-w-max h-fit text-[15px] font-medium md:w-auto py-[10px] px-[25px]"
        type="button"
      >
        <div
          class="flex items-center"
        >
          Edit Profile
        </div>
      </button>
    </div>
    <dl
      class="flex flex-col gap-[2px_0] p-[15px_0] border-solid border-b-1 border-gray-100"
    >
      <dt
        class="font-dm-sans text-blue-800 dark:text-white text-xl font-medium"
      >
        User Name
      </dt>
      <dd
        class="font-dm-sans text-blue-800 dark:text-white text-md text-gray-900/80"
      >
        admin
      </dd>
    </dl>
    <dl
      class="flex flex-col gap-[2px_0] p-[15px_0] border-solid border-b-1 border-gray-100"
    >
      <dt
        class="font-dm-sans text-blue-800 dark:text-white text-xl font-medium"
      >
        Email
      </dt>
      <dd
        class="font-dm-sans text-blue-800 dark:text-white text-md text-gray-900/80"
      >
        admin1@gmail.com
      </dd>
    </dl>
  </div>
</div>
`;
