// Jest Snapshot v1, https://goo.gl/fbAQLP

exports[`Filter component should match snapshot 1`] = `
<div>
  <div
    data-overlay-container="true"
  >
    <script>
      !function(){try{var d=document.documentElement,c=d.classList;c.remove('light','dark');var e=localStorage.getItem('theme');if('system'===e||(!e&&false)){var t='(prefers-color-scheme: dark)',m=window.matchMedia(t);if(m.media!==t||m.matches){d.style.colorScheme = 'dark';c.add('dark')}else{d.style.colorScheme = 'light';c.add('light')}}else if(e){c.add(e|| '')}else{c.add('light')}if(e==='light'||e==='dark'||!e)d.style.colorScheme=e||'light'}catch(e){}}()
    </script>
    <p
      aria-expanded="false"
      class="z-10 aria-expanded:scale-[0.97] aria-expanded:opacity-70 subpixel-antialiased"
      data-slot="trigger"
      type="button"
    />
  </div>
</div>
`;
