// Jest Snapshot v1, https://goo.gl/fbAQLP

exports[`Text Component renders correctly with all custom props 1`] = `
{
  "asFragment": [Function],
  "baseElement": <body>
    <div>
      <p
        class="text-3xl font-dm-sans dark:text-white text-[40px]"
      >
         Lorem, ipsum dolor sit amet consectetur adipisicing elit. Consectetur,   veniam doloribus dicta fuga sed soluta blanditiis sequi porro corrupti   voluptatum adipisci, dolorum, quae fugiat atque? Aliquid dolorum modi   architecto sapiente!
      </p>
    </div>
  </body>,
  "container": <div>
    <p
      class="text-3xl font-dm-sans dark:text-white text-[40px]"
    >
       Lorem, ipsum dolor sit amet consectetur adipisicing elit. Consectetur,   veniam doloribus dicta fuga sed soluta blanditiis sequi porro corrupti   voluptatum adipisci, dolorum, quae fugiat atque? Aliquid dolorum modi   architecto sapiente!
    </p>
  </div>,
  "debug": [Function],
  "findAllByAltText": [Function],
  "findAllByDisplayValue": [Function],
  "findAllByLabelText": [Function],
  "findAllByPlaceholderText": [Function],
  "findAllByRole": [Function],
  "findAllByTestId": [Function],
  "findAllByText": [Function],
  "findAllByTitle": [Function],
  "findByAltText": [Function],
  "findByDisplayValue": [Function],
  "findByLabelText": [Function],
  "findByPlaceholderText": [Function],
  "findByRole": [Function],
  "findByTestId": [Function],
  "findByText": [Function],
  "findByTitle": [Function],
  "getAllByAltText": [Function],
  "getAllByDisplayValue": [Function],
  "getAllByLabelText": [Function],
  "getAllByPlaceholderText": [Function],
  "getAllByRole": [Function],
  "getAllByTestId": [Function],
  "getAllByText": [Function],
  "getAllByTitle": [Function],
  "getByAltText": [Function],
  "getByDisplayValue": [Function],
  "getByLabelText": [Function],
  "getByPlaceholderText": [Function],
  "getByRole": [Function],
  "getByTestId": [Function],
  "getByText": [Function],
  "getByTitle": [Function],
  "queryAllByAltText": [Function],
  "queryAllByDisplayValue": [Function],
  "queryAllByLabelText": [Function],
  "queryAllByPlaceholderText": [Function],
  "queryAllByRole": [Function],
  "queryAllByTestId": [Function],
  "queryAllByText": [Function],
  "queryAllByTitle": [Function],
  "queryByAltText": [Function],
  "queryByDisplayValue": [Function],
  "queryByLabelText": [Function],
  "queryByPlaceholderText": [Function],
  "queryByRole": [Function],
  "queryByTestId": [Function],
  "queryByText": [Function],
  "queryByTitle": [Function],
  "rerender": [Function],
  "unmount": [Function],
}
`;
