// Jest Snapshot v1, https://goo.gl/fbAQLP

exports[`EventDetail Component should match snapshot 1`] = `
<div>
  <div
    data-overlay-container="true"
  >
    <script>
      !function(){try{var d=document.documentElement,c=d.classList;c.remove('light','dark');var e=localStorage.getItem('theme');if('system'===e||(!e&&false)){var t='(prefers-color-scheme: dark)',m=window.matchMedia(t);if(m.media!==t||m.matches){d.style.colorScheme = 'dark';c.add('dark')}else{d.style.colorScheme = 'light';c.add('light')}}else if(e){c.add(e|| '')}else{c.add('light')}if(e==='light'||e==='dark'||!e)d.style.colorScheme=e||'light'}catch(e){}}()
    </script>
    <div
      class="max-w-md mx-auto bg-white dark:bg-gray-400 rounded-lg overflow-hidden"
    >
      <div
        class="p-4"
      >
        <div
          class="mb-8"
        >
          <h2
            aria-level="2"
            class="font-bold font-dm-sans text-blue-800 dark:text-white text-5xl mb-2"
          >
            Upcoming Event
          </h2>
          <p
            class="font-dm-sans text-blue-800 dark:text-white text-2xl opacity-70 font-medium"
          >
            10:00 AM
          </p>
        </div>
        <div
          class="flex items-center mt-4"
        >
          <svg
            class="text-blue-800/30 dark:text-white/30"
            fill="currentColor"
            font-size="16"
            height="1em"
            stroke="currentColor"
            stroke-width="0"
            viewBox="0 0 384 512"
            width="1em"
            xmlns="http://www.w3.org/2000/svg"
          >
            <path
              d="M215.7 499.2C267 435 384 279.4 384 192C384 86 298 0 192 0S0 86 0 192c0 87.4 117 243 168.3 307.2c12.3 15.3 35.1 15.3 47.4 0zM192 128a64 64 0 1 1 0 128 64 64 0 1 1 0-128z"
            />
          </svg>
          <span
            class="font-dm-sans text-blue-800 dark:text-white text-xl opacity-70 font-medium ml-4"
          >
            123 Main St
          </span>
        </div>
        <div
          class="flex items-center mt-4"
        >
          <svg
            class="text-blue-800/30 dark:text-white/30"
            fill="currentColor"
            font-size="16"
            height="1em"
            stroke="currentColor"
            stroke-width="0"
            version="1.1"
            viewBox="0 0 16 16"
            width="1em"
            xmlns="http://www.w3.org/2000/svg"
          >
            <path
              d="M11 10c-1 1-1 2-2 2s-2-1-3-2-2-2-2-3 1-1 2-2-2-4-3-4-3 3-3 3c0 2 2.055 6.055 4 8s6 4 8 4c0 0 3-2 3-3s-3-4-4-3z"
            />
          </svg>
          <p
            class="font-dm-sans text-blue-800 dark:text-white text-xl opacity-70 font-medium ml-4"
          >
            Join by phone
          </p>
        </div>
        <div
          class="flex flex-col items-start mt-4"
        >
          <div
            class="flex items-center"
          >
            <img
              alt="google meet"
              data-nimg="1"
              decoding="async"
              height="16"
              loading="lazy"
              src="http://localhost/_next/image?url=%2Fgoogle-meet.webp&w=32&q=75"
              srcset="/_next/image?url=%2Fgoogle-meet.webp&w=16&q=75 1x, /_next/image?url=%2Fgoogle-meet.webp&w=32&q=75 2x"
              style="color: transparent; background-size: cover; background-position: 50% 50%; background-repeat: no-repeat;"
              width="16"
            />
            <button
              class="z-0 group relative inline-flex items-center justify-center box-border appearance-none select-none whitespace-nowrap subpixel-antialiased overflow-hidden tap-highlight-transparent data-[pressed=true]:scale-[0.97] outline-none data-[focus-visible=true]:z-10 data-[focus-visible=true]:outline-2 data-[focus-visible=true]:outline-focus data-[focus-visible=true]:outline-offset-2 gap-2 [&>svg]:max-w-[theme(spacing.8)] transition-transform-colors-opacity motion-reduce:transition-none bg-default data-[hover=true]:opacity-hover border-transparent dark:text-white hover:!bg-gray-200/50 dark:hover:!bg-gray-900 text-md border-[1px] h-auto min-w-max !bg-blue-500 dark:!bg-blue-500 text-white font-bold py-2 px-4 rounded ml-4"
              type="button"
            >
              <div
                class="flex items-center"
              >
                <p
                  class="font-dm-sans text-blue-800 dark:text-white text-xl text-white dark:text-dark font-medium"
                >
                  Join with Google Meet
                </p>
              </div>
            </button>
          </div>
          <p
            class="font-dm-sans text-blue-800 dark:text-white text-xl opacity-70 font-medium mt-1 text-2xl ml-[33px]"
          >
            https://meet.google.com/
          </p>
        </div>
        <div
          class="flex items-center mt-4"
        >
          <svg
            class="text-blue-800/30 dark:text-white/30"
            fill="currentColor"
            font-size="18"
            height="1em"
            stroke="currentColor"
            stroke-width="0"
            viewBox="0 0 640 512"
            width="1em"
            xmlns="http://www.w3.org/2000/svg"
          >
            <path
              d="M96 224c35.3 0 64-28.7 64-64s-28.7-64-64-64-64 28.7-64 64 28.7 64 64 64zm448 0c35.3 0 64-28.7 64-64s-28.7-64-64-64-64 28.7-64 64 28.7 64 64 64zm32 32h-64c-17.6 0-33.5 7.1-45.1 18.6 40.3 22.1 68.9 62 75.1 109.4h66c17.7 0 32-14.3 32-32v-32c0-35.3-28.7-64-64-64zm-256 0c61.9 0 112-50.1 112-112S381.9 32 320 32 208 82.1 208 144s50.1 112 112 112zm76.8 32h-8.3c-20.8 10-43.9 16-68.5 16s-47.6-6-68.5-16h-8.3C179.6 288 128 339.6 128 403.2V432c0 26.5 21.5 48 48 48h288c26.5 0 48-21.5 48-48v-28.8c0-63.6-51.6-115.2-115.2-115.2zm-223.7-13.4C161.5 263.1 145.6 256 128 256H64c-35.3 0-64 28.7-64 64v32c0 17.7 14.3 32 32 32h65.9c6.3-47.4 34.9-87.3 75.2-109.4z"
            />
          </svg>
          <p
            class="font-dm-sans text-blue-800 dark:text-white text-xl opacity-70 font-medium ml-4"
          >
            2 guests
          </p>
        </div>
      </div>
      <div
        class="px-8 ml-4"
      >
        <ul
          class="list-none"
        >
          <li
            class="flex items-center mb-2 text-gray-600 dark:text-gray-300"
          >
            <img
              alt="John Doe's avatar"
              class="rounded-full mr-2"
              data-nimg="1"
              decoding="async"
              height="30"
              loading="lazy"
              src="http://localhost/_next/image?url=%2Favatars%2Fjohn.png&w=64&q=75"
              srcset="/_next/image?url=%2Favatars%2Fjohn.png&w=32&q=75 1x, /_next/image?url=%2Favatars%2Fjohn.png&w=64&q=75 2x"
              style="color: transparent; background-size: cover; background-position: 50% 50%; background-repeat: no-repeat;"
              width="30"
            />
            <p
              class="font-dm-sans text-blue-800 dark:text-white text-xl opacity-70 font-medium"
            >
              John Doe
            </p>
          </li>
          <li
            class="flex items-center mb-2 text-gray-600 dark:text-gray-300"
          >
            <img
              alt="Jane Doe's avatar"
              class="rounded-full mr-2"
              data-nimg="1"
              decoding="async"
              height="30"
              loading="lazy"
              src="http://localhost/_next/image?url=%2Favatars%2Fjane.png&w=64&q=75"
              srcset="/_next/image?url=%2Favatars%2Fjane.png&w=32&q=75 1x, /_next/image?url=%2Favatars%2Fjane.png&w=64&q=75 2x"
              style="color: transparent; background-size: cover; background-position: 50% 50%; background-repeat: no-repeat;"
              width="30"
            />
            <p
              class="font-dm-sans text-blue-800 dark:text-white text-xl opacity-70 font-medium"
            >
              Jane Doe
            </p>
          </li>
        </ul>
      </div>
    </div>
  </div>
</div>
`;
