// Jest Snapshot v1, https://goo.gl/fbAQLP

exports[`SearchInput calls change values 1`] = `
<div>
  <div
    data-overlay-container="true"
  >
    <script>
      !function(){try{var d=document.documentElement,c=d.classList;c.remove('light','dark');var e=localStorage.getItem('theme');if('system'===e||(!e&&false)){var t='(prefers-color-scheme: dark)',m=window.matchMedia(t);if(m.media!==t||m.matches){d.style.colorScheme = 'dark';c.add('dark')}else{d.style.colorScheme = 'light';c.add('light')}}else if(e){c.add(e|| '')}else{c.add('light')}if(e==='light'||e==='dark'||!e)d.style.colorScheme=e||'light'}catch(e){}}()
    </script>
     
    <div
      class="group flex flex-col data-[hidden=true]:hidden w-full group relative justify-end data-[has-label=true]:mt-[calc(theme(fontSize.small)_+_10px)] is-filled"
      data-filled="true"
      data-filled-within="true"
      data-has-value="true"
      data-slot="base"
    >
      <div
        class="h-full flex flex-col"
        data-slot="main-wrapper"
      >
        <div
          class="relative w-full inline-flex tap-highlight-transparent flex-row items-center shadow-sm px-3 gap-3 bg-default-100 data-[hover=true]:bg-default-200 group-data-[focus=true]:bg-default-100 h-10 min-h-10 rounded-medium transition-background motion-reduce:transition-none !duration-150 outline-none group-data-[focus-visible=true]:z-10 group-data-[focus-visible=true]:ring-2 group-data-[focus-visible=true]:ring-focus group-data-[focus-visible=true]:ring-offset-2 group-data-[focus-visible=true]:ring-offset-background pl-5 pr-3.5 py-3 max-w-[230px] is-filled"
          data-slot="input-wrapper"
          style="cursor: text;"
        >
          <div
            class="inline-flex w-full items-center h-full box-border"
            data-slot="inner-wrapper"
          >
            <input
              aria-label="Search"
              class="w-full font-normal !outline-none focus-visible:outline-none data-[has-start-content=true]:ps-1.5 data-[has-end-content=true]:pe-1.5 file:cursor-pointer file:bg-transparent file:border-0 autofill:bg-transparent bg-clip-text text-small group-data-[has-value=true]:text-default-foreground bg-white dark:bg-gray-400 !text-blue-800/70 placeholder:text-sm placeholder:text-blue-800/50 is-filled"
              data-filled="true"
              data-filled-within="true"
              data-has-end-content="true"
              data-slot="input"
              id="react-aria-:r5:"
              placeholder="Search"
              type="text"
              value="John Deo"
            />
            <svg
              class="w-3 h-3 text-blue-800/60"
              fill="currentColor"
              height="1em"
              id="search"
              stroke="currentColor"
              stroke-width="0"
              version="1.1"
              viewBox="0 0 24 24"
              width="1em"
              x="0px"
              xmlns="http://www.w3.org/2000/svg"
              y="0px"
            >
              <g>
                <path
                  d="M20.031,20.79c0.46,0.46,1.17-0.25,0.71-0.7l-3.75-3.76c1.27-1.41,2.04-3.27,2.04-5.31
		c0-4.39-3.57-7.96-7.96-7.96s-7.96,3.57-7.96,7.96c0,4.39,3.57,7.96,7.96,7.96c1.98,0,3.81-0.73,5.21-1.94L20.031,20.79z
		 M4.11,11.02c0-3.84,3.13-6.96,6.96-6.96c3.84,0,6.96,3.12,6.96,6.96c0,3.84-3.12,6.96-6.96,6.96C7.24,17.98,4.11,14.86,4.11,11.02
		z"
                />
              </g>
            </svg>
          </div>
        </div>
      </div>
    </div>
    <div
      class="fixed top-4 right-4"
    />
  </div>
</div>
`;

exports[`SearchInput changes empty value 1`] = `
<div>
  <div
    data-overlay-container="true"
  >
    <script>
      !function(){try{var d=document.documentElement,c=d.classList;c.remove('light','dark');var e=localStorage.getItem('theme');if('system'===e||(!e&&false)){var t='(prefers-color-scheme: dark)',m=window.matchMedia(t);if(m.media!==t||m.matches){d.style.colorScheme = 'dark';c.add('dark')}else{d.style.colorScheme = 'light';c.add('light')}}else if(e){c.add(e|| '')}else{c.add('light')}if(e==='light'||e==='dark'||!e)d.style.colorScheme=e||'light'}catch(e){}}()
    </script>
     
    <div
      class="group flex flex-col data-[hidden=true]:hidden w-full group relative justify-end data-[has-label=true]:mt-[calc(theme(fontSize.small)_+_10px)]"
      data-filled="true"
      data-filled-within="true"
      data-slot="base"
    >
      <div
        class="h-full flex flex-col"
        data-slot="main-wrapper"
      >
        <div
          class="relative w-full inline-flex tap-highlight-transparent flex-row items-center shadow-sm px-3 gap-3 bg-default-100 data-[hover=true]:bg-default-200 group-data-[focus=true]:bg-default-100 h-10 min-h-10 rounded-medium transition-background motion-reduce:transition-none !duration-150 outline-none group-data-[focus-visible=true]:z-10 group-data-[focus-visible=true]:ring-2 group-data-[focus-visible=true]:ring-focus group-data-[focus-visible=true]:ring-offset-2 group-data-[focus-visible=true]:ring-offset-background pl-5 pr-3.5 py-3 max-w-[230px]"
          data-slot="input-wrapper"
          style="cursor: text;"
        >
          <div
            class="inline-flex w-full items-center h-full box-border"
            data-slot="inner-wrapper"
          >
            <input
              aria-label="Search"
              class="w-full font-normal !outline-none focus-visible:outline-none data-[has-start-content=true]:ps-1.5 data-[has-end-content=true]:pe-1.5 file:cursor-pointer file:bg-transparent file:border-0 autofill:bg-transparent bg-clip-text text-small group-data-[has-value=true]:text-default-foreground bg-white dark:bg-gray-400 !text-blue-800/70 placeholder:text-sm placeholder:text-blue-800/50"
              data-has-end-content="true"
              data-slot="input"
              id="react-aria-:ra:"
              placeholder="Search"
              type="text"
              value=""
            />
            <svg
              class="w-3 h-3 text-blue-800/60"
              fill="currentColor"
              height="1em"
              id="search"
              stroke="currentColor"
              stroke-width="0"
              version="1.1"
              viewBox="0 0 24 24"
              width="1em"
              x="0px"
              xmlns="http://www.w3.org/2000/svg"
              y="0px"
            >
              <g>
                <path
                  d="M20.031,20.79c0.46,0.46,1.17-0.25,0.71-0.7l-3.75-3.76c1.27-1.41,2.04-3.27,2.04-5.31
		c0-4.39-3.57-7.96-7.96-7.96s-7.96,3.57-7.96,7.96c0,4.39,3.57,7.96,7.96,7.96c1.98,0,3.81-0.73,5.21-1.94L20.031,20.79z
		 M4.11,11.02c0-3.84,3.13-6.96,6.96-6.96c3.84,0,6.96,3.12,6.96,6.96c0,3.84-3.12,6.96-6.96,6.96C7.24,17.98,4.11,14.86,4.11,11.02
		z"
                />
              </g>
            </svg>
          </div>
        </div>
      </div>
    </div>
    <div
      class="fixed top-4 right-4"
    />
  </div>
</div>
`;

exports[`SearchInput should match snapshot 1`] = `
<div>
  <div
    data-overlay-container="true"
  >
    <script>
      !function(){try{var d=document.documentElement,c=d.classList;c.remove('light','dark');var e=localStorage.getItem('theme');if('system'===e||(!e&&false)){var t='(prefers-color-scheme: dark)',m=window.matchMedia(t);if(m.media!==t||m.matches){d.style.colorScheme = 'dark';c.add('dark')}else{d.style.colorScheme = 'light';c.add('light')}}else if(e){c.add(e|| '')}else{c.add('light')}if(e==='light'||e==='dark'||!e)d.style.colorScheme=e||'light'}catch(e){}}()
    </script>
     
    <div
      class="group flex flex-col data-[hidden=true]:hidden w-full group relative justify-end data-[has-label=true]:mt-[calc(theme(fontSize.small)_+_10px)]"
      data-filled="true"
      data-filled-within="true"
      data-slot="base"
    >
      <div
        class="h-full flex flex-col"
        data-slot="main-wrapper"
      >
        <div
          class="relative w-full inline-flex tap-highlight-transparent flex-row items-center shadow-sm px-3 gap-3 bg-default-100 data-[hover=true]:bg-default-200 group-data-[focus=true]:bg-default-100 h-10 min-h-10 rounded-medium transition-background motion-reduce:transition-none !duration-150 outline-none group-data-[focus-visible=true]:z-10 group-data-[focus-visible=true]:ring-2 group-data-[focus-visible=true]:ring-focus group-data-[focus-visible=true]:ring-offset-2 group-data-[focus-visible=true]:ring-offset-background pl-5 pr-3.5 py-3 max-w-[230px]"
          data-slot="input-wrapper"
          style="cursor: text;"
        >
          <div
            class="inline-flex w-full items-center h-full box-border"
            data-slot="inner-wrapper"
          >
            <input
              aria-label="Search"
              class="w-full font-normal !outline-none focus-visible:outline-none data-[has-start-content=true]:ps-1.5 data-[has-end-content=true]:pe-1.5 file:cursor-pointer file:bg-transparent file:border-0 autofill:bg-transparent bg-clip-text text-small group-data-[has-value=true]:text-default-foreground bg-white dark:bg-gray-400 !text-blue-800/70 placeholder:text-sm placeholder:text-blue-800/50"
              data-has-end-content="true"
              data-slot="input"
              id="react-aria-:r0:"
              placeholder="Search"
              type="text"
              value=""
            />
            <svg
              class="w-3 h-3 text-blue-800/60"
              fill="currentColor"
              height="1em"
              id="search"
              stroke="currentColor"
              stroke-width="0"
              version="1.1"
              viewBox="0 0 24 24"
              width="1em"
              x="0px"
              xmlns="http://www.w3.org/2000/svg"
              y="0px"
            >
              <g>
                <path
                  d="M20.031,20.79c0.46,0.46,1.17-0.25,0.71-0.7l-3.75-3.76c1.27-1.41,2.04-3.27,2.04-5.31
		c0-4.39-3.57-7.96-7.96-7.96s-7.96,3.57-7.96,7.96c0,4.39,3.57,7.96,7.96,7.96c1.98,0,3.81-0.73,5.21-1.94L20.031,20.79z
		 M4.11,11.02c0-3.84,3.13-6.96,6.96-6.96c3.84,0,6.96,3.12,6.96,6.96c0,3.84-3.12,6.96-6.96,6.96C7.24,17.98,4.11,14.86,4.11,11.02
		z"
                />
              </g>
            </svg>
          </div>
        </div>
      </div>
    </div>
    <div
      class="fixed top-4 right-4"
    />
  </div>
</div>
`;
