// Jest Snapshot v1, https://goo.gl/fbAQLP

exports[`NotFoundComponent matches snapshot 1`] = `
<div>
  <div
    class="text-center h-full flex justify-center items-center flex-col"
  >
    <h2
      aria-level="2"
      class="font-bold font-dm-sans text-blue-800 dark:text-white text-5xl text-6xl"
    >
      Not Found
    </h2>
    <p
      class="font-dm-sans text-blue-800 dark:text-white text-md mt-4"
    >
      Could not find requested resource
    </p>
    <a
      href="/"
      style="text-decoration: underline; text-align: center;"
    >
      <button
        class="z-0 group relative inline-flex items-center justify-center box-border appearance-none select-none whitespace-nowrap font-normal subpixel-antialiased overflow-hidden tap-highlight-transparent data-[pressed=true]:scale-[0.97] outline-none data-[focus-visible=true]:z-10 data-[focus-visible=true]:outline-2 data-[focus-visible=true]:outline-focus data-[focus-visible=true]:outline-offset-2 gap-2 [&>svg]:max-w-[theme(spacing.8)] transition-transform-colors-opacity motion-reduce:transition-none data-[hover=true]:opacity-hover bg-blue-500 border-transparent dark:bg-purple-600 text-white hover:bg-blue-100 px-5 pb-2.5 pt-[11px] text-md rounded-[10px] border-[1px] h-auto min-w-max mt-4"
        type="button"
      >
        <div
          class="flex items-center"
        >
          Return Home
        </div>
      </button>
    </a>
  </div>
</div>
`;
