// Jest Snapshot v1, https://goo.gl/fbAQLP

exports[`RecentServicesTable match snapshot 1`] = `
<div>
  <div
    data-overlay-container="true"
  >
    <script>
      !function(){try{var d=document.documentElement,c=d.classList;c.remove('light','dark');var e=localStorage.getItem('theme');if('system'===e||(!e&&false)){var t='(prefers-color-scheme: dark)',m=window.matchMedia(t);if(m.media!==t||m.matches){d.style.colorScheme = 'dark';c.add('dark')}else{d.style.colorScheme = 'light';c.add('light')}}else if(e){c.add(e|| '')}else{c.add('light')}if(e==='light'||e==='dark'||!e)d.style.colorScheme=e||'light'}catch(e){}}()
    </script>

    <div
      class="flex-col relative gap-4 w-full grid"
    >
      <div
        class="z-0 flex flex-col relative justify-between gap-4 bg-content1 overflow-auto rounded-large w-full p-0 shadow-none dark:bg-gray-400"
      >
        <table
          aria-describedby=""
          class="min-w-full h-auto table-auto w-full px-0 dark:[&>tbody>*:nth-child(odd)]:bg-gray-400 [&>tbody>*:nth-child(even)]:bg-gray-50/50 dark:[&>tbody>*:nth-child(even)]:bg-gray-600"
          id="react-aria-:r0:"
          role="grid"
          tabindex="0"
        >
          <thead
            class="[&>tr]:first:rounded-lg"
            role="rowgroup"
          >
            <tr
              class="group outline-none data-[focus-visible=true]:z-10 data-[focus-visible=true]:outline-2 data-[focus-visible=true]:outline-focus data-[focus-visible=true]:outline-offset-2"
              role="row"
            >
              <th
                class="group h-10 align-middle whitespace-nowrap text-foreground-500 text-tiny font-semibold rtl:first:rounded-r-lg rtl:first:rounded-l-[unset] rtl:last:rounded-l-lg rtl:last:rounded-r-[unset] data-[sortable=true]:cursor-pointer data-[hover=true]:text-foreground-400 outline-none data-[focus-visible=true]:z-10 data-[focus-visible=true]:outline-2 data-[focus-visible=true]:outline-focus data-[focus-visible=true]:outline-offset-2 text-start first:rounded-l-none last:rounded-r-none py-0 bg-white dark:bg-gray-400 border-b-[1px] border-blue-800/5 px-[21px]"
                data-key="Order ID0"
                id="react-aria-:r0:-OrderID0"
                role="columnheader"
                tabindex="-1"
              >
                <button
                  class="z-0 group relative box-border appearance-none select-none whitespace-nowrap subpixel-antialiased overflow-hidden tap-highlight-transparent data-[pressed=true]:scale-[0.97] outline-none data-[focus-visible=true]:z-10 data-[focus-visible=true]:outline-2 data-[focus-visible=true]:outline-focus data-[focus-visible=true]:outline-offset-2 min-w-20 h-10 rounded-medium [&>svg]:max-w-[theme(spacing.8)] transition-transform-colors-opacity motion-reduce:transition-none bg-default data-[hover=true]:opacity-hover justify-start p-0 !bg-transparent dark:!bg-transparent hover:!bg-transparent dark:hover:!bg-transparent flex opacity-70 gap-2 items-center text-blue-800 dark:text-white font-normal text-[13px] leading-[17px]"
                  type="button"
                  value="id"
                >
                  Order ID
                  <svg
                    fill="currentColor"
                    height="1em"
                    stroke="currentColor"
                    stroke-width="0"
                    viewBox="0 0 512 512"
                    width="1em"
                    xmlns="http://www.w3.org/2000/svg"
                  >
                    <path
                      d="m98 190.06 139.78 163.12a24 24 0 0 0 36.44 0L414 190.06c13.34-15.57 2.28-39.62-18.22-39.62h-279.6c-20.5 0-31.56 24.05-18.18 39.62z"
                    />
                  </svg>
                </button>
              </th>
              <th
                class="group h-10 align-middle whitespace-nowrap text-foreground-500 text-tiny font-semibold rtl:first:rounded-r-lg rtl:first:rounded-l-[unset] rtl:last:rounded-l-lg rtl:last:rounded-r-[unset] data-[sortable=true]:cursor-pointer data-[hover=true]:text-foreground-400 outline-none data-[focus-visible=true]:z-10 data-[focus-visible=true]:outline-2 data-[focus-visible=true]:outline-focus data-[focus-visible=true]:outline-offset-2 text-start first:rounded-l-none last:rounded-r-none py-0 bg-white dark:bg-gray-400 border-b-[1px] border-blue-800/5 px-[21px]"
                data-key="Service Name1"
                id="react-aria-:r0:-ServiceName1"
                role="columnheader"
                tabindex="-1"
              >
                <button
                  class="z-0 group relative box-border appearance-none select-none whitespace-nowrap subpixel-antialiased overflow-hidden tap-highlight-transparent data-[pressed=true]:scale-[0.97] outline-none data-[focus-visible=true]:z-10 data-[focus-visible=true]:outline-2 data-[focus-visible=true]:outline-focus data-[focus-visible=true]:outline-offset-2 min-w-20 h-10 rounded-medium [&>svg]:max-w-[theme(spacing.8)] transition-transform-colors-opacity motion-reduce:transition-none bg-default data-[hover=true]:opacity-hover justify-start p-0 !bg-transparent dark:!bg-transparent hover:!bg-transparent dark:hover:!bg-transparent flex opacity-70 gap-2 items-center text-blue-800 dark:text-white font-normal text-[13px] leading-[17px]"
                  type="button"
                  value="title"
                >
                  Service Name
                  <svg
                    fill="currentColor"
                    height="1em"
                    stroke="currentColor"
                    stroke-width="0"
                    viewBox="0 0 512 512"
                    width="1em"
                    xmlns="http://www.w3.org/2000/svg"
                  >
                    <path
                      d="m98 190.06 139.78 163.12a24 24 0 0 0 36.44 0L414 190.06c13.34-15.57 2.28-39.62-18.22-39.62h-279.6c-20.5 0-31.56 24.05-18.18 39.62z"
                    />
                  </svg>
                </button>
              </th>
              <th
                class="group h-10 align-middle whitespace-nowrap text-foreground-500 text-tiny font-semibold rtl:first:rounded-r-lg rtl:first:rounded-l-[unset] rtl:last:rounded-l-lg rtl:last:rounded-r-[unset] data-[sortable=true]:cursor-pointer data-[hover=true]:text-foreground-400 outline-none data-[focus-visible=true]:z-10 data-[focus-visible=true]:outline-2 data-[focus-visible=true]:outline-focus data-[focus-visible=true]:outline-offset-2 text-start first:rounded-l-none last:rounded-r-none py-0 bg-white dark:bg-gray-400 border-b-[1px] border-blue-800/5 px-[21px]"
                data-key="Price2"
                id="react-aria-:r0:-Price2"
                role="columnheader"
                tabindex="-1"
              >
                <button
                  class="z-0 group relative box-border appearance-none select-none whitespace-nowrap subpixel-antialiased overflow-hidden tap-highlight-transparent data-[pressed=true]:scale-[0.97] outline-none data-[focus-visible=true]:z-10 data-[focus-visible=true]:outline-2 data-[focus-visible=true]:outline-focus data-[focus-visible=true]:outline-offset-2 min-w-20 h-10 rounded-medium [&>svg]:max-w-[theme(spacing.8)] transition-transform-colors-opacity motion-reduce:transition-none bg-default data-[hover=true]:opacity-hover justify-start p-0 !bg-transparent dark:!bg-transparent hover:!bg-transparent dark:hover:!bg-transparent flex opacity-70 gap-2 items-center text-blue-800 dark:text-white font-normal text-[13px] leading-[17px]"
                  type="button"
                  value="price"
                >
                  Price
                  <svg
                    fill="currentColor"
                    height="1em"
                    stroke="currentColor"
                    stroke-width="0"
                    viewBox="0 0 512 512"
                    width="1em"
                    xmlns="http://www.w3.org/2000/svg"
                  >
                    <path
                      d="m98 190.06 139.78 163.12a24 24 0 0 0 36.44 0L414 190.06c13.34-15.57 2.28-39.62-18.22-39.62h-279.6c-20.5 0-31.56 24.05-18.18 39.62z"
                    />
                  </svg>
                </button>
              </th>
              <th
                class="group h-10 align-middle whitespace-nowrap text-foreground-500 text-tiny font-semibold rtl:first:rounded-r-lg rtl:first:rounded-l-[unset] rtl:last:rounded-l-lg rtl:last:rounded-r-[unset] data-[sortable=true]:cursor-pointer data-[hover=true]:text-foreground-400 outline-none data-[focus-visible=true]:z-10 data-[focus-visible=true]:outline-2 data-[focus-visible=true]:outline-focus data-[focus-visible=true]:outline-offset-2 text-start first:rounded-l-none last:rounded-r-none py-0 bg-white dark:bg-gray-400 border-b-[1px] border-blue-800/5 px-[21px]"
                data-key="Total Order3"
                id="react-aria-:r0:-TotalOrder3"
                role="columnheader"
                tabindex="-1"
              >
                <button
                  class="z-0 group relative box-border appearance-none select-none whitespace-nowrap subpixel-antialiased overflow-hidden tap-highlight-transparent data-[pressed=true]:scale-[0.97] outline-none data-[focus-visible=true]:z-10 data-[focus-visible=true]:outline-2 data-[focus-visible=true]:outline-focus data-[focus-visible=true]:outline-offset-2 min-w-20 h-10 rounded-medium [&>svg]:max-w-[theme(spacing.8)] transition-transform-colors-opacity motion-reduce:transition-none bg-default data-[hover=true]:opacity-hover justify-start p-0 !bg-transparent dark:!bg-transparent hover:!bg-transparent dark:hover:!bg-transparent flex opacity-70 gap-2 items-center text-blue-800 dark:text-white font-normal text-[13px] leading-[17px]"
                  type="button"
                  value="quantity"
                >
                  Total Order
                  <svg
                    fill="currentColor"
                    height="1em"
                    stroke="currentColor"
                    stroke-width="0"
                    viewBox="0 0 512 512"
                    width="1em"
                    xmlns="http://www.w3.org/2000/svg"
                  >
                    <path
                      d="m98 190.06 139.78 163.12a24 24 0 0 0 36.44 0L414 190.06c13.34-15.57 2.28-39.62-18.22-39.62h-279.6c-20.5 0-31.56 24.05-18.18 39.62z"
                    />
                  </svg>
                </button>
              </th>
              <th
                class="group h-10 align-middle whitespace-nowrap text-foreground-500 text-tiny font-semibold rtl:first:rounded-r-lg rtl:first:rounded-l-[unset] rtl:last:rounded-l-lg rtl:last:rounded-r-[unset] data-[sortable=true]:cursor-pointer data-[hover=true]:text-foreground-400 outline-none data-[focus-visible=true]:z-10 data-[focus-visible=true]:outline-2 data-[focus-visible=true]:outline-focus data-[focus-visible=true]:outline-offset-2 text-start first:rounded-l-none last:rounded-r-none py-0 bg-white dark:bg-gray-400 border-b-[1px] border-blue-800/5 px-[21px]"
                data-key="Total Amount4"
                id="react-aria-:r0:-TotalAmount4"
                role="columnheader"
                tabindex="-1"
              >
                <button
                  class="z-0 group relative box-border appearance-none select-none whitespace-nowrap subpixel-antialiased overflow-hidden tap-highlight-transparent data-[pressed=true]:scale-[0.97] outline-none data-[focus-visible=true]:z-10 data-[focus-visible=true]:outline-2 data-[focus-visible=true]:outline-focus data-[focus-visible=true]:outline-offset-2 min-w-20 h-10 rounded-medium [&>svg]:max-w-[theme(spacing.8)] transition-transform-colors-opacity motion-reduce:transition-none bg-default data-[hover=true]:opacity-hover justify-start p-0 !bg-transparent dark:!bg-transparent hover:!bg-transparent dark:hover:!bg-transparent flex opacity-70 gap-2 items-center text-blue-800 dark:text-white font-normal text-[13px] leading-[17px]"
                  type="button"
                >
                  Total Amount
                </button>
              </th>
            </tr>
            <tr
              aria-hidden="true"
              class="w-px h-px block"
              style="margin-left: 0.25rem; margin-top: 0.25rem;"
              tabindex="-1"
            />
          </thead>
          <tbody
            role="rowgroup"
          >
            <tr
              aria-labelledby="react-aria-:r0:-1-OrderID0"
              class="group outline-none data-[focus-visible=true]:z-10 data-[focus-visible=true]:outline-2 data-[focus-visible=true]:outline-focus data-[focus-visible=true]:outline-offset-2 rounded-[5px]"
              data-first="true"
              data-id="1"
              data-key="1"
              role="row"
              tabindex="-1"
            >
              <td
                class="relative align-middle whitespace-normal text-small font-normal [&>*]:z-1 [&>*]:relative outline-none data-[focus-visible=true]:z-10 data-[focus-visible=true]:outline-2 data-[focus-visible=true]:outline-focus data-[focus-visible=true]:outline-offset-2 before:content-[''] before:absolute before:z-0 before:inset-0 before:opacity-0 data-[selected=true]:before:opacity-100 group-data-[disabled=true]:text-foreground-300 group-data-[disabled=true]:cursor-not-allowed before:bg-default/60 data-[selected=true]:text-default-foreground group-data-[odd=true]:before:bg-default-100 group-data-[odd=true]:before:opacity-100 group-data-[odd=true]:before:-z-10 first:before:rounded-s-lg last:before:rounded-e-lg text-start group-data-[odd=true]:data-[selected=true]:before:bg-default/60 first:rounded-l-lg last:rounded-r-lg leading-[17px] py-[17px] px-[21px]"
                data-key="table-cell-0"
                id="react-aria-:r0:-1-OrderID0"
                role="rowheader"
                tabindex="-1"
              >
                <p
                  class="font-dm-sans text-blue-800 dark:text-white text-sm "
                >
                  #1
                </p>
              </td>
              <td
                class="relative align-middle whitespace-normal text-small font-normal [&>*]:z-1 [&>*]:relative outline-none data-[focus-visible=true]:z-10 data-[focus-visible=true]:outline-2 data-[focus-visible=true]:outline-focus data-[focus-visible=true]:outline-offset-2 before:content-[''] before:absolute before:z-0 before:inset-0 before:opacity-0 data-[selected=true]:before:opacity-100 group-data-[disabled=true]:text-foreground-300 group-data-[disabled=true]:cursor-not-allowed before:bg-default/60 data-[selected=true]:text-default-foreground group-data-[odd=true]:before:bg-default-100 group-data-[odd=true]:before:opacity-100 group-data-[odd=true]:before:-z-10 first:before:rounded-s-lg last:before:rounded-e-lg text-start group-data-[odd=true]:data-[selected=true]:before:bg-default/60 first:rounded-l-lg last:rounded-r-lg leading-[17px] py-[17px] px-[21px]"
                data-key="table-cell-1"
                role="gridcell"
                tabindex="-1"
              >
                <div
                  class="flex gap-2 items-center"
                >
                  <div
                    class="relative w-8 h-8 overflow-x-auto"
                  >
                    <img
                      alt="ui-ux-design"
                      class="rounded-5"
                      data-nimg="fill"
                      decoding="async"
                      loading="lazy"
                      sizes="100vw"
                      src="http://localhost/_next/image?url=https%3A%2F%2Fimages.rawpixel.com%2Fimage_800%2FcHJpdmF0ZS9sci9pbWFnZXMvd2Vic2l0ZS8yMDIyLTExL3JtMzYyLTAxYS1tb2NrdXAuanBn.jpg&w=3840&q=75"
                      srcset="/_next/image?url=https%3A%2F%2Fimages.rawpixel.com%2Fimage_800%2FcHJpdmF0ZS9sci9pbWFnZXMvd2Vic2l0ZS8yMDIyLTExL3JtMzYyLTAxYS1tb2NrdXAuanBn.jpg&w=640&q=75 640w, /_next/image?url=https%3A%2F%2Fimages.rawpixel.com%2Fimage_800%2FcHJpdmF0ZS9sci9pbWFnZXMvd2Vic2l0ZS8yMDIyLTExL3JtMzYyLTAxYS1tb2NrdXAuanBn.jpg&w=750&q=75 750w, /_next/image?url=https%3A%2F%2Fimages.rawpixel.com%2Fimage_800%2FcHJpdmF0ZS9sci9pbWFnZXMvd2Vic2l0ZS8yMDIyLTExL3JtMzYyLTAxYS1tb2NrdXAuanBn.jpg&w=828&q=75 828w, /_next/image?url=https%3A%2F%2Fimages.rawpixel.com%2Fimage_800%2FcHJpdmF0ZS9sci9pbWFnZXMvd2Vic2l0ZS8yMDIyLTExL3JtMzYyLTAxYS1tb2NrdXAuanBn.jpg&w=1080&q=75 1080w, /_next/image?url=https%3A%2F%2Fimages.rawpixel.com%2Fimage_800%2FcHJpdmF0ZS9sci9pbWFnZXMvd2Vic2l0ZS8yMDIyLTExL3JtMzYyLTAxYS1tb2NrdXAuanBn.jpg&w=1200&q=75 1200w, /_next/image?url=https%3A%2F%2Fimages.rawpixel.com%2Fimage_800%2FcHJpdmF0ZS9sci9pbWFnZXMvd2Vic2l0ZS8yMDIyLTExL3JtMzYyLTAxYS1tb2NrdXAuanBn.jpg&w=1920&q=75 1920w, /_next/image?url=https%3A%2F%2Fimages.rawpixel.com%2Fimage_800%2FcHJpdmF0ZS9sci9pbWFnZXMvd2Vic2l0ZS8yMDIyLTExL3JtMzYyLTAxYS1tb2NrdXAuanBn.jpg&w=2048&q=75 2048w, /_next/image?url=https%3A%2F%2Fimages.rawpixel.com%2Fimage_800%2FcHJpdmF0ZS9sci9pbWFnZXMvd2Vic2l0ZS8yMDIyLTExL3JtMzYyLTAxYS1tb2NrdXAuanBn.jpg&w=3840&q=75 3840w"
                      style="position: absolute; height: 100%; width: 100%; left: 0px; top: 0px; right: 0px; bottom: 0px; object-fit: cover; color: transparent; background-size: cover; background-position: 50% 50%; background-repeat: no-repeat;"
                    />
                  </div>
                  <p
                    class="font-dm-sans text-blue-800 dark:text-white text-sm "
                  >
                    Macbook
                  </p>
                </div>
              </td>
              <td
                class="relative align-middle whitespace-normal text-small font-normal [&>*]:z-1 [&>*]:relative outline-none data-[focus-visible=true]:z-10 data-[focus-visible=true]:outline-2 data-[focus-visible=true]:outline-focus data-[focus-visible=true]:outline-offset-2 before:content-[''] before:absolute before:z-0 before:inset-0 before:opacity-0 data-[selected=true]:before:opacity-100 group-data-[disabled=true]:text-foreground-300 group-data-[disabled=true]:cursor-not-allowed before:bg-default/60 data-[selected=true]:text-default-foreground group-data-[odd=true]:before:bg-default-100 group-data-[odd=true]:before:opacity-100 group-data-[odd=true]:before:-z-10 first:before:rounded-s-lg last:before:rounded-e-lg text-start group-data-[odd=true]:data-[selected=true]:before:bg-default/60 first:rounded-l-lg last:rounded-r-lg leading-[17px] py-[17px] px-[21px]"
                data-key="table-cell-2"
                role="gridcell"
                tabindex="-1"
              >
                <p
                  class="font-dm-sans text-blue-800 dark:text-white text-sm "
                >
                  $3,443
                </p>
              </td>
              <td
                class="relative align-middle whitespace-normal text-small font-normal [&>*]:z-1 [&>*]:relative outline-none data-[focus-visible=true]:z-10 data-[focus-visible=true]:outline-2 data-[focus-visible=true]:outline-focus data-[focus-visible=true]:outline-offset-2 before:content-[''] before:absolute before:z-0 before:inset-0 before:opacity-0 data-[selected=true]:before:opacity-100 group-data-[disabled=true]:text-foreground-300 group-data-[disabled=true]:cursor-not-allowed before:bg-default/60 data-[selected=true]:text-default-foreground group-data-[odd=true]:before:bg-default-100 group-data-[odd=true]:before:opacity-100 group-data-[odd=true]:before:-z-10 first:before:rounded-s-lg last:before:rounded-e-lg text-start group-data-[odd=true]:data-[selected=true]:before:bg-default/60 first:rounded-l-lg last:rounded-r-lg leading-[17px] py-[17px] px-[21px]"
                data-key="table-cell-3"
                role="gridcell"
                tabindex="-1"
              >
                <div
                  class="relative min-w-min inline-flex items-center justify-between box-border whitespace-nowrap px-1 text-small text-default-foreground w-[61px] max-w-[61px] h-7.5 max-h-7.5 rounded-[8px] bg-blue-500/20 dark:bg-purple-600/20"
                >
                  <span
                    class="flex-1 font-normal px-2 text-center text-sm text-blue-500 dark:text-white"
                  >
                    3
                  </span>
                </div>
              </td>
              <td
                class="relative align-middle whitespace-normal text-small font-normal [&>*]:z-1 [&>*]:relative outline-none data-[focus-visible=true]:z-10 data-[focus-visible=true]:outline-2 data-[focus-visible=true]:outline-focus data-[focus-visible=true]:outline-offset-2 before:content-[''] before:absolute before:z-0 before:inset-0 before:opacity-0 data-[selected=true]:before:opacity-100 group-data-[disabled=true]:text-foreground-300 group-data-[disabled=true]:cursor-not-allowed before:bg-default/60 data-[selected=true]:text-default-foreground group-data-[odd=true]:before:bg-default-100 group-data-[odd=true]:before:opacity-100 group-data-[odd=true]:before:-z-10 first:before:rounded-s-lg last:before:rounded-e-lg text-start group-data-[odd=true]:data-[selected=true]:before:bg-default/60 first:rounded-l-lg last:rounded-r-lg leading-[17px] py-[17px] px-[21px]"
                data-key="table-cell-4"
                role="gridcell"
                tabindex="-1"
              >
                <p
                  class="font-dm-sans text-blue-800 dark:text-white text-sm "
                >
                  $10,329
                </p>
              </td>
            </tr>
            <tr
              aria-labelledby="react-aria-:r0:-2-OrderID0"
              class="group outline-none data-[focus-visible=true]:z-10 data-[focus-visible=true]:outline-2 data-[focus-visible=true]:outline-focus data-[focus-visible=true]:outline-offset-2 rounded-[5px]"
              data-id="2"
              data-key="2"
              data-last="true"
              data-odd="true"
              role="row"
              tabindex="-1"
            >
              <td
                class="relative align-middle whitespace-normal text-small font-normal [&>*]:z-1 [&>*]:relative outline-none data-[focus-visible=true]:z-10 data-[focus-visible=true]:outline-2 data-[focus-visible=true]:outline-focus data-[focus-visible=true]:outline-offset-2 before:content-[''] before:absolute before:z-0 before:inset-0 before:opacity-0 data-[selected=true]:before:opacity-100 group-data-[disabled=true]:text-foreground-300 group-data-[disabled=true]:cursor-not-allowed before:bg-default/60 data-[selected=true]:text-default-foreground group-data-[odd=true]:before:bg-default-100 group-data-[odd=true]:before:opacity-100 group-data-[odd=true]:before:-z-10 first:before:rounded-s-lg last:before:rounded-e-lg text-start group-data-[odd=true]:data-[selected=true]:before:bg-default/60 first:rounded-l-lg last:rounded-r-lg leading-[17px] py-[17px] px-[21px]"
                data-key="table-cell-0"
                id="react-aria-:r0:-2-OrderID0"
                role="rowheader"
                tabindex="-1"
              >
                <p
                  class="font-dm-sans text-blue-800 dark:text-white text-sm "
                >
                  #2
                </p>
              </td>
              <td
                class="relative align-middle whitespace-normal text-small font-normal [&>*]:z-1 [&>*]:relative outline-none data-[focus-visible=true]:z-10 data-[focus-visible=true]:outline-2 data-[focus-visible=true]:outline-focus data-[focus-visible=true]:outline-offset-2 before:content-[''] before:absolute before:z-0 before:inset-0 before:opacity-0 data-[selected=true]:before:opacity-100 group-data-[disabled=true]:text-foreground-300 group-data-[disabled=true]:cursor-not-allowed before:bg-default/60 data-[selected=true]:text-default-foreground group-data-[odd=true]:before:bg-default-100 group-data-[odd=true]:before:opacity-100 group-data-[odd=true]:before:-z-10 first:before:rounded-s-lg last:before:rounded-e-lg text-start group-data-[odd=true]:data-[selected=true]:before:bg-default/60 first:rounded-l-lg last:rounded-r-lg leading-[17px] py-[17px] px-[21px]"
                data-key="table-cell-1"
                role="gridcell"
                tabindex="-1"
              >
                <div
                  class="flex gap-2 items-center"
                >
                  <div
                    class="relative w-8 h-8 overflow-x-auto"
                  >
                    <img
                      alt="ui-ux-design"
                      class="rounded-5"
                      data-nimg="fill"
                      decoding="async"
                      loading="lazy"
                      sizes="100vw"
                      src="http://localhost/_next/image?url=https%3A%2F%2Fimages.unsplash.com%2Fphoto-1505740420928-5e560c06d30e%3Ffm%3Djpg%26q%3D60%26w%3D3000%26ixlib%3Drb-4.0.3%26ixid%3DM3wxMjA3fDB8MHxzZWFyY2h8Nnx8cHJvZHVjdHxlbnwwfHwwfHx8MA%253D%253D&w=3840&q=75"
                      srcset="/_next/image?url=https%3A%2F%2Fimages.unsplash.com%2Fphoto-1505740420928-5e560c06d30e%3Ffm%3Djpg%26q%3D60%26w%3D3000%26ixlib%3Drb-4.0.3%26ixid%3DM3wxMjA3fDB8MHxzZWFyY2h8Nnx8cHJvZHVjdHxlbnwwfHwwfHx8MA%253D%253D&w=640&q=75 640w, /_next/image?url=https%3A%2F%2Fimages.unsplash.com%2Fphoto-1505740420928-5e560c06d30e%3Ffm%3Djpg%26q%3D60%26w%3D3000%26ixlib%3Drb-4.0.3%26ixid%3DM3wxMjA3fDB8MHxzZWFyY2h8Nnx8cHJvZHVjdHxlbnwwfHwwfHx8MA%253D%253D&w=750&q=75 750w, /_next/image?url=https%3A%2F%2Fimages.unsplash.com%2Fphoto-1505740420928-5e560c06d30e%3Ffm%3Djpg%26q%3D60%26w%3D3000%26ixlib%3Drb-4.0.3%26ixid%3DM3wxMjA3fDB8MHxzZWFyY2h8Nnx8cHJvZHVjdHxlbnwwfHwwfHx8MA%253D%253D&w=828&q=75 828w, /_next/image?url=https%3A%2F%2Fimages.unsplash.com%2Fphoto-1505740420928-5e560c06d30e%3Ffm%3Djpg%26q%3D60%26w%3D3000%26ixlib%3Drb-4.0.3%26ixid%3DM3wxMjA3fDB8MHxzZWFyY2h8Nnx8cHJvZHVjdHxlbnwwfHwwfHx8MA%253D%253D&w=1080&q=75 1080w, /_next/image?url=https%3A%2F%2Fimages.unsplash.com%2Fphoto-1505740420928-5e560c06d30e%3Ffm%3Djpg%26q%3D60%26w%3D3000%26ixlib%3Drb-4.0.3%26ixid%3DM3wxMjA3fDB8MHxzZWFyY2h8Nnx8cHJvZHVjdHxlbnwwfHwwfHx8MA%253D%253D&w=1200&q=75 1200w, /_next/image?url=https%3A%2F%2Fimages.unsplash.com%2Fphoto-1505740420928-5e560c06d30e%3Ffm%3Djpg%26q%3D60%26w%3D3000%26ixlib%3Drb-4.0.3%26ixid%3DM3wxMjA3fDB8MHxzZWFyY2h8Nnx8cHJvZHVjdHxlbnwwfHwwfHx8MA%253D%253D&w=1920&q=75 1920w, /_next/image?url=https%3A%2F%2Fimages.unsplash.com%2Fphoto-1505740420928-5e560c06d30e%3Ffm%3Djpg%26q%3D60%26w%3D3000%26ixlib%3Drb-4.0.3%26ixid%3DM3wxMjA3fDB8MHxzZWFyY2h8Nnx8cHJvZHVjdHxlbnwwfHwwfHx8MA%253D%253D&w=2048&q=75 2048w, /_next/image?url=https%3A%2F%2Fimages.unsplash.com%2Fphoto-1505740420928-5e560c06d30e%3Ffm%3Djpg%26q%3D60%26w%3D3000%26ixlib%3Drb-4.0.3%26ixid%3DM3wxMjA3fDB8MHxzZWFyY2h8Nnx8cHJvZHVjdHxlbnwwfHwwfHx8MA%253D%253D&w=3840&q=75 3840w"
                      style="position: absolute; height: 100%; width: 100%; left: 0px; top: 0px; right: 0px; bottom: 0px; object-fit: cover; color: transparent; background-size: cover; background-position: 50% 50%; background-repeat: no-repeat;"
                    />
                  </div>
                  <p
                    class="font-dm-sans text-blue-800 dark:text-white text-sm "
                  >
                    I phone
                  </p>
                </div>
              </td>
              <td
                class="relative align-middle whitespace-normal text-small font-normal [&>*]:z-1 [&>*]:relative outline-none data-[focus-visible=true]:z-10 data-[focus-visible=true]:outline-2 data-[focus-visible=true]:outline-focus data-[focus-visible=true]:outline-offset-2 before:content-[''] before:absolute before:z-0 before:inset-0 before:opacity-0 data-[selected=true]:before:opacity-100 group-data-[disabled=true]:text-foreground-300 group-data-[disabled=true]:cursor-not-allowed before:bg-default/60 data-[selected=true]:text-default-foreground group-data-[odd=true]:before:bg-default-100 group-data-[odd=true]:before:opacity-100 group-data-[odd=true]:before:-z-10 first:before:rounded-s-lg last:before:rounded-e-lg text-start group-data-[odd=true]:data-[selected=true]:before:bg-default/60 first:rounded-l-lg last:rounded-r-lg leading-[17px] py-[17px] px-[21px]"
                data-key="table-cell-2"
                role="gridcell"
                tabindex="-1"
              >
                <p
                  class="font-dm-sans text-blue-800 dark:text-white text-sm "
                >
                  $4,543
                </p>
              </td>
              <td
                class="relative align-middle whitespace-normal text-small font-normal [&>*]:z-1 [&>*]:relative outline-none data-[focus-visible=true]:z-10 data-[focus-visible=true]:outline-2 data-[focus-visible=true]:outline-focus data-[focus-visible=true]:outline-offset-2 before:content-[''] before:absolute before:z-0 before:inset-0 before:opacity-0 data-[selected=true]:before:opacity-100 group-data-[disabled=true]:text-foreground-300 group-data-[disabled=true]:cursor-not-allowed before:bg-default/60 data-[selected=true]:text-default-foreground group-data-[odd=true]:before:bg-default-100 group-data-[odd=true]:before:opacity-100 group-data-[odd=true]:before:-z-10 first:before:rounded-s-lg last:before:rounded-e-lg text-start group-data-[odd=true]:data-[selected=true]:before:bg-default/60 first:rounded-l-lg last:rounded-r-lg leading-[17px] py-[17px] px-[21px]"
                data-key="table-cell-3"
                role="gridcell"
                tabindex="-1"
              >
                <div
                  class="relative min-w-min inline-flex items-center justify-between box-border whitespace-nowrap px-1 text-small text-default-foreground w-[61px] max-w-[61px] h-7.5 max-h-7.5 rounded-[8px] bg-blue-500/20 dark:bg-purple-600/20"
                >
                  <span
                    class="flex-1 font-normal px-2 text-center text-sm text-blue-500 dark:text-white"
                  >
                    1
                  </span>
                </div>
              </td>
              <td
                class="relative align-middle whitespace-normal text-small font-normal [&>*]:z-1 [&>*]:relative outline-none data-[focus-visible=true]:z-10 data-[focus-visible=true]:outline-2 data-[focus-visible=true]:outline-focus data-[focus-visible=true]:outline-offset-2 before:content-[''] before:absolute before:z-0 before:inset-0 before:opacity-0 data-[selected=true]:before:opacity-100 group-data-[disabled=true]:text-foreground-300 group-data-[disabled=true]:cursor-not-allowed before:bg-default/60 data-[selected=true]:text-default-foreground group-data-[odd=true]:before:bg-default-100 group-data-[odd=true]:before:opacity-100 group-data-[odd=true]:before:-z-10 first:before:rounded-s-lg last:before:rounded-e-lg text-start group-data-[odd=true]:data-[selected=true]:before:bg-default/60 first:rounded-l-lg last:rounded-r-lg leading-[17px] py-[17px] px-[21px]"
                data-key="table-cell-4"
                role="gridcell"
                tabindex="-1"
              >
                <p
                  class="font-dm-sans text-blue-800 dark:text-white text-sm "
                >
                  $4,543
                </p>
              </td>
            </tr>
          </tbody>
        </table>
      </div>
    </div>
    <div
      class="fixed top-4 right-4"
    />
  </div>
</div>
`;
