// Jest Snapshot v1, https://goo.gl/fbAQLP

exports[`Calendar page should match snapshot 1`] = `
<div>
  <div
    data-overlay-container="true"
  >
    <script>
      !function(){try{var d=document.documentElement,c=d.classList;c.remove('light','dark');var e=localStorage.getItem('theme');if('system'===e||(!e&&false)){var t='(prefers-color-scheme: dark)',m=window.matchMedia(t);if(m.media!==t||m.matches){d.style.colorScheme = 'dark';c.add('dark')}else{d.style.colorScheme = 'light';c.add('light')}}else if(e){c.add(e|| '')}else{c.add('light')}if(e==='light'||e==='dark'||!e)d.style.colorScheme=e||'light'}catch(e){}}()
    </script>
    <section>
      <div
        class="base:mb-6 md:mb-7.5 w-full md:flex justify-between md:items-center"
      >
        <h2
          aria-level="2"
          class="font-bold font-dm-sans text-blue-800 dark:text-white text-5xl w-full"
        >
          Calendar
        </h2>
      </div>
    </section>
  </div>
</div>
`;
