// Jest Snapshot v1, https://goo.gl/fbAQLP

exports[`LoadingIndicator component should match with snapshot 1`] = `
<div>
  <div
    data-overlay-container="true"
  >
    <script>
      !function(){try{var d=document.documentElement,c=d.classList;c.remove('light','dark');var e=localStorage.getItem('theme');if('system'===e||(!e&&false)){var t='(prefers-color-scheme: dark)',m=window.matchMedia(t);if(m.media!==t||m.matches){d.style.colorScheme = 'dark';c.add('dark')}else{d.style.colorScheme = 'light';c.add('light')}}else if(e){c.add(e|| '')}else{c.add('light')}if(e==='light'||e==='dark'||!e)d.style.colorScheme=e||'light'}catch(e){}}()
    </script>
    <div
      class="fixed inset-0 flex items-center justify-center bg-black bg-opacity-70 z-9999"
    >
      <div
        aria-label="Loading"
        class="relative inline-flex flex-col gap-2 items-center justify-center"
      >
        <div
          class="relative flex w-10 h-10"
        >
          <i
            class="absolute w-full h-full rounded-full animate-spinner-ease-spin border-solid border-t-transparent border-l-transparent border-r-transparent border-3 border-b-blue-500"
          />
          <i
            class="absolute w-full h-full rounded-full opacity-75 animate-spinner-linear-spin border-dotted border-t-transparent border-l-transparent border-r-transparent border-3 border-b-blue-500"
          />
        </div>
      </div>
    </div>
  </div>
</div>
`;
