// Jest Snapshot v1, https://goo.gl/fbAQLP

exports[`Card component renders correctly and matches snapshot 1`] = `
<div>
  <div
    data-overlay-container="true"
  >
    <script>
      !function(){try{var d=document.documentElement,c=d.classList;c.remove('light','dark');var e=localStorage.getItem('theme');if('system'===e||(!e&&false)){var t='(prefers-color-scheme: dark)',m=window.matchMedia(t);if(m.media!==t||m.matches){d.style.colorScheme = 'dark';c.add('dark')}else{d.style.colorScheme = 'light';c.add('light')}}else if(e){c.add(e|| '')}else{c.add('light')}if(e==='light'||e==='dark'||!e)d.style.colorScheme=e||'light'}catch(e){}}()
    </script>
    <div
      class="flex flex-col relative overflow-hidden h-auto text-foreground box-border bg-content1 outline-none data-[focus-visible=true]:z-10 data-[focus-visible=true]:outline-2 data-[focus-visible=true]:outline-focus data-[focus-visible=true]:outline-offset-2 shadow-medium rounded-large transition-transform-background motion-reduce:transition-none"
      style="border-radius: undefined; box-shadow: none;"
      tabindex="-1"
    >
      <div
        class="relative flex w-full p-3 flex-auto flex-col place-content-inherit align-items-inherit h-auto break-words text-left overflow-y-auto subpixel-antialiased"
      />
    </div>
  </div>
</div>
`;
