// Jest Snapshot v1, https://goo.gl/fbAQLP

exports[`TaskCard Component matches the snapshot 1`] = `
<div>
  <div
    class="w-[275px] bg-white dark:bg-gray-400 p-[20px] rounded-5"
  >
    <div
      class="flex flex-row items-center justify-between mb-[15px]"
    >
      <div
        class="text-md"
      >
        Demo Task
      </div>
      <button
        aria-expanded="false"
        aria-haspopup="true"
        class="group relative inline-flex items-center justify-center box-border appearance-none select-none whitespace-nowrap font-normal overflow-hidden tap-highlight-transparent outline-none data-[focus-visible=true]:z-10 data-[focus-visible=true]:outline-2 data-[focus-visible=true]:outline-focus data-[focus-visible=true]:outline-offset-2 text-small gap-2 rounded-medium px-0 !gap-0 !transition-none data-[pressed=true]:scale-100 text-default-foreground h-10 data-[hover=true]:opacity-hover z-10 aria-expanded:scale-[0.97] aria-expanded:opacity-70 subpixel-antialiased border-none bg-bone w-[15px] min-w-[15px]"
        data-slot="trigger"
        data-testid="actions-btn"
        id="react-aria-:r0:"
        type="button"
      >
        <svg
          class="text-blue-800/30 dark:text-white/30"
          fill="currentColor"
          height="14"
          stroke="currentColor"
          stroke-width="0"
          viewBox="0 0 512 512"
          width="14"
          xmlns="http://www.w3.org/2000/svg"
        >
          <path
            d="M328 256c0 39.8-32.2 72-72 72s-72-32.2-72-72 32.2-72 72-72 72 32.2 72 72zm104-72c-39.8 0-72 32.2-72 72s32.2 72 72 72 72-32.2 72-72-32.2-72-72-72zm-352 0c-39.8 0-72 32.2-72 72s32.2 72 72 72 72-32.2 72-72-32.2-72-72-72z"
          />
        </svg>
      </button>
    </div>
    <div
      class="relative max-w-fit min-w-min inline-flex items-center justify-between box-border whitespace-nowrap text-small text-default-foreground px-[22px] h-[45px] max-h-[45px] rounded-[22px] bg-blue-500"
    >
      <span
        class="flex-1 font-normal px-2 text-center text-md capitalize text-white dark:text-gray-600"
      >
        medium
      </span>
    </div>
    <div
      class="mt-[20px] text-sm"
    >
      This is a demo task description
    </div>
    <div
      class="mt-[20px]"
    >
      <div
        class="flex items-center"
      >
        <div
          class="relative w-7 h-7 rounded-full "
        >
          <img
            alt="user1"
            src="https://img-cdn.pixlr.com/image-generator/history/65bb506dcb310754719cf81f/ede935de-1138-4f66-8ed7-44bd16efc709/medium.webp"
          />
        </div>
        <div
          class="relative w-7 h-7 rounded-full -ml-3"
        >
          <img
            alt="user2"
            src="https://img-cdn.pixlr.com/image-generator/history/65bb506dcb310754719cf81f/ede935de-1138-4f66-8ed7-44bd16efc709/medium.webp"
          />
        </div>
        <div
          class="relative w-7 h-7 rounded-full -ml-3"
        >
          <img
            alt="user4"
            src="https://img-cdn.pixlr.com/image-generator/history/65bb506dcb310754719cf81f/ede935de-1138-4f66-8ed7-44bd16efc709/medium.webp"
          />
        </div>
        <button
          class="z-0 group box-border appearance-none select-none whitespace-nowrap font-normal subpixel-antialiased overflow-hidden tap-highlight-transparent data-[pressed=true]:scale-[0.97] outline-none data-[focus-visible=true]:z-10 data-[focus-visible=true]:outline-2 data-[focus-visible=true]:outline-focus data-[focus-visible=true]:outline-offset-2 gap-2 [&>svg]:max-w-[theme(spacing.8)] transition-transform-colors-opacity motion-reduce:transition-none bg-default data-[hover=true]:opacity-hover border-transparent dark:text-white px-5 pb-2.5 pt-[11px] text-md rounded-[10px] min-w-max !px-0 relative flex w-7 h-7 items-center justify-center !rounded-full !bg-teal-500 dark:!bg-teal-300 text-white -ml-3 border-2 hover:!bg-teal-600 dark:hover:!bg-teal-400 transition duration-300 ease-in-out"
          type="button"
        >
          <div
            class="flex items-center"
          >
            <svg
              fill="none"
              height="1em"
              stroke="currentColor"
              stroke-linecap="round"
              stroke-linejoin="round"
              stroke-width="2"
              viewBox="0 0 24 24"
              width="1em"
              xmlns="http://www.w3.org/2000/svg"
            >
              <line
                x1="12"
                x2="12"
                y1="5"
                y2="19"
              />
              <line
                x1="5"
                x2="19"
                y1="12"
                y2="12"
              />
            </svg>
          </div>
        </button>
      </div>
    </div>
  </div>
</div>
`;
