// Jest Snapshot v1, https://goo.gl/fbAQLP

exports[`LocationSuggestion Component matches snapshot 1`] = `
<div>
  <div
    class="flex w-full text-left py-[10px] px-[4px] gap-4 items-center relative cursor-pointer dark:text-white/80"
  >
    <div
      class="w-[16px] h-[16px]"
      data-testid="location-icon"
    >
      <svg
        aria-hidden="true"
        fill="currentColor"
        height="1em"
        stroke="currentColor"
        stroke-width="0"
        viewBox="0 0 20 20"
        width="1em"
        xmlns="http://www.w3.org/2000/svg"
      >
        <path
          clip-rule="evenodd"
          d="M5.05 4.05a7 7 0 119.9 9.9L10 18.9l-4.95-4.95a7 7 0 010-9.9zM10 11a2 2 0 100-4 2 2 0 000 4z"
          fill-rule="evenodd"
        />
      </svg>
    </div>
    <p
      class="font-dm-sans text-blue-800 dark:text-white text-md dark:text-white/80"
    >
      123 Test Street, Test City
    </p>
  </div>
</div>
`;
