// Jest Snapshot v1, https://goo.gl/fbAQLP

exports[`AccountSuccess Component should match snapshot in dark theme 1`] = `
<DocumentFragment>
  <script>
    !function(){try{var d=document.documentElement,c=d.classList;c.remove('light','dark');var e=localStorage.getItem('theme');if('system'===e||(!e&&false)){var t='(prefers-color-scheme: dark)',m=window.matchMedia(t);if(m.media!==t||m.matches){d.style.colorScheme = 'dark';c.add('dark')}else{d.style.colorScheme = 'light';c.add('light')}}else if(e){c.add(e|| '')}else{c.add('dark')}if(e==='light'||e==='dark'||!e)d.style.colorScheme=e||'dark'}catch(e){}}()
  </script>
  <div
    class="py-[193px] px-6 bg-50 dark:bg-gray-600 "
  >
    <div
      class="flex flex-col relative overflow-hidden h-auto text-foreground box-border outline-none data-[focus-visible=true]:z-10 data-[focus-visible=true]:outline-2 data-[focus-visible=true]:outline-focus data-[focus-visible=true]:outline-offset-2 rounded-large transition-transform-background motion-reduce:transition-none shadow-none rounded-10 mx-auto bg-white dark:bg-gray-400 base:w-full base:h-[500px] sm:w-[550px] sm:h-[550px] md:w-[600px] md:h-[600px] xl:w-[726px] xl:h-[726px]"
      tabindex="-1"
    >
      <div
        class="relative w-full p-3 flex-auto place-content-inherit align-items-inherit h-auto break-words text-left overflow-y-auto subpixel-antialiased flex flex-col items-center"
      >
        <img
          alt="Account Success"
          class="base:mt-[80px] sm:mt-[100px] md:mt-[150px] xl:mt-[186px]"
          data-nimg="1"
          decoding="async"
          fetchpriority="high"
          height="184"
          src="http://localhost/_next/image?url=%2Faccount-success-dark.webp&w=384&q=75"
          srcset="/_next/image?url=%2Faccount-success-dark.webp&w=256&q=75 1x, /_next/image?url=%2Faccount-success-dark.webp&w=384&q=75 2x"
          style="color: transparent; background-size: cover; background-position: 50% 50%; background-repeat: no-repeat;"
          width="184"
        />
        <h2
          class="font-dm-sans text-blue-800 dark:text-white text-md mt-[53px] font-bold base:text-xl md:text-3xl"
        >
          Your account successfully created.
        </h2>
        <a
          aria-label="Go to Home"
          class="z-0 group relative inline-flex items-center justify-center box-border appearance-none select-none whitespace-nowrap subpixel-antialiased overflow-hidden tap-highlight-transparent data-[pressed=true]:scale-[0.97] outline-none data-[focus-visible=true]:z-10 data-[focus-visible=true]:outline-2 data-[focus-visible=true]:outline-focus data-[focus-visible=true]:outline-offset-2 gap-2 [&>svg]:max-w-[theme(spacing.8)] transition-transform-colors-opacity motion-reduce:transition-none data-[hover=true]:opacity-hover bg-blue-500 border-transparent dark:bg-purple-600 text-white hover:bg-blue-100 px-5 pb-2.5 pt-[11px] text-md rounded-[10px] border-[1px] h-auto min-w-max mt-9 font-medium md:text-xl md:w-[169px] md:h-[50px]"
          href="/"
          role="button"
          tabindex="0"
        >
          <div
            class="flex items-center"
          >
            Go to Home
          </div>
        </a>
      </div>
    </div>
  </div>
</DocumentFragment>
`;

exports[`AccountSuccess Component should match snapshot in light theme 1`] = `
<DocumentFragment>
  <script>
    !function(){try{var d=document.documentElement,c=d.classList;c.remove('light','dark');var e=localStorage.getItem('theme');if('system'===e||(!e&&false)){var t='(prefers-color-scheme: dark)',m=window.matchMedia(t);if(m.media!==t||m.matches){d.style.colorScheme = 'dark';c.add('dark')}else{d.style.colorScheme = 'light';c.add('light')}}else if(e){c.add(e|| '')}else{c.add('light')}if(e==='light'||e==='dark'||!e)d.style.colorScheme=e||'light'}catch(e){}}()
  </script>
  <div
    class="py-[193px] px-6 bg-50 dark:bg-gray-600 "
  >
    <div
      class="flex flex-col relative overflow-hidden h-auto text-foreground box-border outline-none data-[focus-visible=true]:z-10 data-[focus-visible=true]:outline-2 data-[focus-visible=true]:outline-focus data-[focus-visible=true]:outline-offset-2 rounded-large transition-transform-background motion-reduce:transition-none shadow-none rounded-10 mx-auto bg-white dark:bg-gray-400 base:w-full base:h-[500px] sm:w-[550px] sm:h-[550px] md:w-[600px] md:h-[600px] xl:w-[726px] xl:h-[726px]"
      tabindex="-1"
    >
      <div
        class="relative w-full p-3 flex-auto place-content-inherit align-items-inherit h-auto break-words text-left overflow-y-auto subpixel-antialiased flex flex-col items-center"
      >
        <img
          alt="Account Success"
          class="base:mt-[80px] sm:mt-[100px] md:mt-[150px] xl:mt-[186px]"
          data-nimg="1"
          decoding="async"
          fetchpriority="high"
          height="184"
          src="http://localhost/_next/image?url=%2Faccount-success-light.webp&w=384&q=75"
          srcset="/_next/image?url=%2Faccount-success-light.webp&w=256&q=75 1x, /_next/image?url=%2Faccount-success-light.webp&w=384&q=75 2x"
          style="color: transparent; background-size: cover; background-position: 50% 50%; background-repeat: no-repeat;"
          width="184"
        />
        <h2
          class="font-dm-sans text-blue-800 dark:text-white text-md mt-[53px] font-bold base:text-xl md:text-3xl"
        >
          Your account successfully created.
        </h2>
        <a
          aria-label="Go to Home"
          class="z-0 group relative inline-flex items-center justify-center box-border appearance-none select-none whitespace-nowrap subpixel-antialiased overflow-hidden tap-highlight-transparent data-[pressed=true]:scale-[0.97] outline-none data-[focus-visible=true]:z-10 data-[focus-visible=true]:outline-2 data-[focus-visible=true]:outline-focus data-[focus-visible=true]:outline-offset-2 gap-2 [&>svg]:max-w-[theme(spacing.8)] transition-transform-colors-opacity motion-reduce:transition-none data-[hover=true]:opacity-hover bg-blue-500 border-transparent dark:bg-purple-600 text-white hover:bg-blue-100 px-5 pb-2.5 pt-[11px] text-md rounded-[10px] border-[1px] h-auto min-w-max mt-9 font-medium md:text-xl md:w-[169px] md:h-[50px]"
          href="/"
          role="button"
          tabindex="0"
        >
          <div
            class="flex items-center"
          >
            Go to Home
          </div>
        </a>
      </div>
    </div>
  </div>
</DocumentFragment>
`;
